
   ___  __   __  ____________   
  / _ \/ /  / / / /_  __/ __ \ 
 / ___/ /__/ /_/ / / / / /_/ /  
/_/  /____/\____/ /_/  \____/   
=============================    v. 4.4-patch4 (Jun 2026)  

> System:

  sysconf.out file not found... 

  - Basic data type size (Bytes):
    o sizeof (char)     = 1
    o sizeof (uchar)    = 1
    o sizeof (uint16_t) = 2
    o sizeof (short)    = 2
    o sizeof (ushort)   = 2
    o sizeof (int)      = 4
    o sizeof (long)     = 8
    o sizeof (*int)     = 8
    o sizeof (float)    = 4
    o sizeof (double)   = 8
    o sizeof (*double)  = 8

  - Structure data type (Bytes):
    o sizeof (cmdLine)    = 64
    o sizeof (Data)       = 272
    o sizeof (Grid)       = 1024
    o sizeof (Float_Vect) = 12
    o sizeof (Image)      = 856
    o sizeof (Output)     = 1768
    o sizeof (RGB)        = 3
    o sizeof (Runtime)    = 47008
    o sizeof (Restart)    = 128
    o sizeof (timeStep)   = 144
    o sizeof (RBox)       = 112
    o sizeof (State)      = 128
    o sizeof (Sweep)      = 568

> Local time:       Thu Jul 16 00:20:07 2026

> Cmd line args:    -dec 8 

> Header configuration:

  PHYSICS:          RHD
  DIMENSIONS:       1
  GEOMETRY:         Spherical
  BODY_FORCE:       EXPLICIT
  RECONSTRUCTION:   Linear  (Primitive lim)
  TIME STEPPING:    Runge-Kutta II
  TRACERS:          0
  VARIABLES:        6
  ENTROPY_SWITCH:   ENABLED
  LOADED MODULES:

  ROTATION:         NO
  EOS:              Ideal

> Runtime configuration (pluto.ini):

  +----------------------------------------------------------
  | [Grid]
  | X1-grid    2    11.00    200    u    12.00    1850    s    10000.0
  | X2-grid    1    0.0    	1      u    1.0
  | X3-grid    1    0.0   	1      u    1.0
  | 
  | [Chombo Refinement]
  | 
  | Levels           4
  | Ref_ratio        2 2 2 2 2 
  | Regrid_interval  2 2 2 2 
  | Refine_thresh    0.3
  | Tag_buffer_size  3
  | Block_factor     8
  | Max_grid_size    64
  | Fill_ratio       0.75
  | 
  | [Time]
  | 
  | CFL              0.4
  | CFL_max_var      1.1
  | tstop            100000.0
  | first_dt         1.0e-6
  | 
  | [Solver]
  | 
  | Solver        tvdlf
  | 
  | [Boundary]
  | 
  | X1-beg        axisymmetric
  | X1-end        outflow
  | X2-beg        outflow
  | X2-end        outflow
  | X3-beg        outflow
  | X3-end        outflow
  | 
  | [Static Grid Output]
  | 
  | uservar    0
  | dbl        250.0  -1   single_file
  | flt       -1.0  -1   single_file
  | vtk       -1.0  -1   single_file
  | dbl.h5    -1.0  -1
  | flt.h5    -1.0  -1
  | tab       -1.0  -1   
  | ppm       -1.0  -1   
  | png       -1.0  -1
  | log        10000
  | analysis  -1.0  -1
  | 
  | [Chombo HDF5 output]
  | 
  | Checkpoint_interval  -1.0  0
  | Plot_interval         1.0  0 
  | 
  | [Particles]
  | 
  | Nparticles          -1     1
  | particles_dbl        1.0  -1
  | particles_flt       -1.0  -1
  | particles_vtk       -1.0  -1
  | particles_tab       -1.0  -1
  | 
  | [Parameters]
  | 
  | M_NS                        2.0  
  | GAMMA                       1.333333333333  
  | RHO_IN                      1.0e8  
  | V_IN                        0.07  
  | V_INF                       0.25  
  +---------------------------------------------------------

> Generating grid...

     - Stretched grid on dim 0 (ratio: 1.004986)
  Global grid:
  X1: [  11.0000, 10000.0000],   2050 point(s), 2 ghosts

  Local grid:
  X1: [  11.0000,  12.3303],    257 point(s); 2 ghosts; Active zones = [2, 258]

> Memory allocation
> Assigning initial conditions (Startup) ...
> Normalization Units:

  [Density]:      1.000e+07 (gr/cm^3), 5.979e+30 (1/cm^3)
  [Pressure]:     8.988e+27 (dyne/cm^2)
  [Velocity]:     2.998e+10 (cm/s)
  [Length]:       1.000e+05 (cm)
  [Temperature]:  1.081e+13 X (p/rho*mu) (K)
  [Time]:         3.336e-06 (sec), 1.058e-13 (yrs) 
 
> Number of processors: 8
> Proc size:            257
> Parallel Directions:  X1
> Writing file #0 (dbl) to disk...
  [ 0.00 sec ]
> Starting computation... 

step:0; t = 0.0000e+00; dt = 1.0000e-06; 0.0 %
        [Mach = 19.537380]
step:10000; t = 6.3540e+01; dt = 6.5736e-03; 0.1 %
            [Mach = 19.538880]
step:20000; t = 1.2983e+02; dt = 6.6670e-03; 0.1 %
            [Mach = 19.538811]
step:30000; t = 1.9671e+02; dt = 6.7055e-03; 0.2 %
            [Mach = 19.537333]
> Writing file #1 (dbl) to disk...
  [ 0.00 sec ]
step:40000; t = 2.6388e+02; dt = 6.7274e-03; 0.3 %
            [Mach = 19.534708]
step:50000; t = 3.3124e+02; dt = 6.7422e-03; 0.3 %
            [Mach = 19.531188]
step:60000; t = 3.9871e+02; dt = 6.7529e-03; 0.4 %
            [Mach = 19.526993]
step:70000; t = 4.6629e+02; dt = 6.7613e-03; 0.5 %
            [Mach = 19.522308]
> Writing file #2 (dbl) to disk...
  [ 0.00 sec ]
step:80000; t = 5.3394e+02; dt = 6.7681e-03; 0.5 %
            [Mach = 19.517280]
step:90000; t = 6.0165e+02; dt = 6.7738e-03; 0.6 %
            [Mach = 19.512018]
step:100000; t = 6.6941e+02; dt = 6.7785e-03; 0.7 %
             [Mach = 19.506603]
step:110000; t = 7.3721e+02; dt = 6.7827e-03; 0.7 %
             [Mach = 19.501088]
> Writing file #3 (dbl) to disk...
  [ 0.00 sec ]
step:120000; t = 8.0506e+02; dt = 6.7863e-03; 0.8 %
             [Mach = 19.495512]
step:130000; t = 8.7294e+02; dt = 6.7895e-03; 0.9 %
             [Mach = 19.489896]
step:140000; t = 9.4085e+02; dt = 6.7923e-03; 0.9 %
             [Mach = 19.484256]
> Writing file #4 (dbl) to disk...
  [ 0.00 sec ]
step:150000; t = 1.0088e+03; dt = 6.7949e-03; 1.0 %
             [Mach = 19.478600]
step:160000; t = 1.0767e+03; dt = 6.7972e-03; 1.1 %
             [Mach = 19.472933]
step:170000; t = 1.1447e+03; dt = 6.7992e-03; 1.1 %
             [Mach = 19.467256]
step:180000; t = 1.2127e+03; dt = 6.8011e-03; 1.2 %
             [Mach = 19.461570]
> Writing file #5 (dbl) to disk...
  [ 0.00 sec ]
step:190000; t = 1.2807e+03; dt = 6.8029e-03; 1.3 %
             [Mach = 19.455876]
step:200000; t = 1.3488e+03; dt = 6.8045e-03; 1.3 %
             [Mach = 19.450174]
step:210000; t = 1.4168e+03; dt = 6.8060e-03; 1.4 %
             [Mach = 19.444463]
step:220000; t = 1.4849e+03; dt = 6.8073e-03; 1.5 %
             [Mach = 19.438743]
> Writing file #6 (dbl) to disk...
  [ 0.00 sec ]
step:230000; t = 1.5530e+03; dt = 6.8086e-03; 1.6 %
             [Mach = 19.433014]
step:240000; t = 1.6211e+03; dt = 6.8098e-03; 1.6 %
             [Mach = 19.427276]
step:250000; t = 1.6892e+03; dt = 6.8108e-03; 1.7 %
             [Mach = 19.421529]
> Writing file #7 (dbl) to disk...
  [ 0.00 sec ]
step:260000; t = 1.7573e+03; dt = 6.8119e-03; 1.8 %
             [Mach = 19.415774]
step:270000; t = 1.8254e+03; dt = 6.8128e-03; 1.8 %
             [Mach = 19.410009]
step:280000; t = 1.8935e+03; dt = 6.8137e-03; 1.9 %
             [Mach = 19.404235]
step:290000; t = 1.9617e+03; dt = 6.8145e-03; 2.0 %
             [Mach = 19.398453]
> Writing file #8 (dbl) to disk...
  [ 0.00 sec ]
step:300000; t = 2.0298e+03; dt = 6.8153e-03; 2.0 %
             [Mach = 19.392662]
step:310000; t = 2.0980e+03; dt = 6.8160e-03; 2.1 %
             [Mach = 19.386862]
step:320000; t = 2.1662e+03; dt = 6.8167e-03; 2.2 %
             [Mach = 19.381053]
step:330000; t = 2.2343e+03; dt = 6.8174e-03; 2.2 %
             [Mach = 19.375235]
> Writing file #9 (dbl) to disk...
  [ 0.00 sec ]
step:340000; t = 2.3025e+03; dt = 6.8180e-03; 2.3 %
             [Mach = 19.369408]
step:350000; t = 2.3707e+03; dt = 6.8185e-03; 2.4 %
             [Mach = 19.363572]
step:360000; t = 2.4389e+03; dt = 6.8191e-03; 2.4 %
             [Mach = 19.357727]
> Writing file #10 (dbl) to disk...
  [ 0.00 sec ]
step:370000; t = 2.5071e+03; dt = 6.8196e-03; 2.5 %
             [Mach = 19.351873]
step:380000; t = 2.5753e+03; dt = 6.8201e-03; 2.6 %
             [Mach = 19.346010]
step:390000; t = 2.6435e+03; dt = 6.8205e-03; 2.6 %
             [Mach = 19.340138]
step:400000; t = 2.7117e+03; dt = 6.8210e-03; 2.7 %
             [Mach = 19.334257]
> Writing file #11 (dbl) to disk...
  [ 0.00 sec ]
step:410000; t = 2.7799e+03; dt = 6.8214e-03; 2.8 %
             [Mach = 19.328367]
step:420000; t = 2.8481e+03; dt = 6.8218e-03; 2.8 %
             [Mach = 19.322468]
step:430000; t = 2.9163e+03; dt = 6.8221e-03; 2.9 %
             [Mach = 19.316560]
step:440000; t = 2.9845e+03; dt = 6.8225e-03; 3.0 %
             [Mach = 19.310643]
> Writing file #12 (dbl) to disk...
  [ 0.00 sec ]
step:450000; t = 3.0528e+03; dt = 6.8228e-03; 3.1 %
             [Mach = 19.304716]
step:460000; t = 3.1210e+03; dt = 6.8231e-03; 3.1 %
             [Mach = 19.298781]
step:470000; t = 3.1892e+03; dt = 6.8234e-03; 3.2 %
             [Mach = 19.292836]
> Writing file #13 (dbl) to disk...
  [ 0.00 sec ]
step:480000; t = 3.2575e+03; dt = 6.8237e-03; 3.3 %
             [Mach = 19.286882]
step:490000; t = 3.3257e+03; dt = 6.8240e-03; 3.3 %
             [Mach = 19.280919]
step:500000; t = 3.3940e+03; dt = 6.8242e-03; 3.4 %
             [Mach = 19.274947]
step:510000; t = 3.4622e+03; dt = 6.8245e-03; 3.5 %
             [Mach = 19.268965]
> Writing file #14 (dbl) to disk...
  [ 0.00 sec ]
step:520000; t = 3.5304e+03; dt = 6.8247e-03; 3.5 %
             [Mach = 19.262975]
step:530000; t = 3.5987e+03; dt = 6.8249e-03; 3.6 %
             [Mach = 19.256975]
step:540000; t = 3.6669e+03; dt = 6.8251e-03; 3.7 %
             [Mach = 19.250965]
step:550000; t = 3.7352e+03; dt = 6.8253e-03; 3.7 %
             [Mach = 19.244947]
> Writing file #15 (dbl) to disk...
  [ 0.00 sec ]
step:560000; t = 3.8034e+03; dt = 6.8255e-03; 3.8 %
             [Mach = 19.238919]
step:570000; t = 3.8717e+03; dt = 6.8257e-03; 3.9 %
             [Mach = 19.232882]
step:580000; t = 3.9400e+03; dt = 6.8259e-03; 3.9 %
             [Mach = 19.226835]
> Writing file #16 (dbl) to disk...
  [ 0.00 sec ]
step:590000; t = 4.0082e+03; dt = 6.8260e-03; 4.0 %
             [Mach = 19.220779]
step:600000; t = 4.0765e+03; dt = 6.8262e-03; 4.1 %
             [Mach = 19.214714]
step:610000; t = 4.1447e+03; dt = 6.8264e-03; 4.1 %
             [Mach = 19.208639]
step:620000; t = 4.2130e+03; dt = 6.8265e-03; 4.2 %
             [Mach = 19.202555]
> Writing file #17 (dbl) to disk...
  [ 0.00 sec ]
step:630000; t = 4.2813e+03; dt = 6.8266e-03; 4.3 %
             [Mach = 19.196461]
step:640000; t = 4.3495e+03; dt = 6.8268e-03; 4.3 %
             [Mach = 19.190358]
step:650000; t = 4.4178e+03; dt = 6.8269e-03; 4.4 %
             [Mach = 19.184245]
step:660000; t = 4.4861e+03; dt = 6.8270e-03; 4.5 %
             [Mach = 19.178123]
> Writing file #18 (dbl) to disk...
  [ 0.00 sec ]
step:670000; t = 4.5544e+03; dt = 6.8271e-03; 4.6 %
             [Mach = 19.171991]
