# ******************************************************
# PLUTO 4.4-patch4 (Jun 2026) Grid File
# Generated on  Wed Jul 15 15:39:57 2026
# 
# DIMENSIONS: 1
# GEOMETRY:   SPHERICAL
# X1: [ 11.000000,  10000.000000], 1025 point(s), 2 ghosts
# ******************************************************
1025 
 1   1.100000000000e+01    1.101000000000e+01
 2   1.101000000000e+01    1.102000000000e+01
 3   1.102000000000e+01    1.103000000000e+01
 4   1.103000000000e+01    1.104000000000e+01
 5   1.104000000000e+01    1.105000000000e+01
 6   1.105000000000e+01    1.106000000000e+01
 7   1.106000000000e+01    1.107000000000e+01
 8   1.107000000000e+01    1.108000000000e+01
 9   1.108000000000e+01    1.109000000000e+01
 10   1.109000000000e+01    1.110000000000e+01
 11   1.110000000000e+01    1.111000000000e+01
 12   1.111000000000e+01    1.112000000000e+01
 13   1.112000000000e+01    1.113000000000e+01
 14   1.113000000000e+01    1.114000000000e+01
 15   1.114000000000e+01    1.115000000000e+01
 16   1.115000000000e+01    1.116000000000e+01
 17   1.116000000000e+01    1.117000000000e+01
 18   1.117000000000e+01    1.118000000000e+01
 19   1.118000000000e+01    1.119000000000e+01
 20   1.119000000000e+01    1.120000000000e+01
 21   1.120000000000e+01    1.121000000000e+01
 22   1.121000000000e+01    1.122000000000e+01
 23   1.122000000000e+01    1.123000000000e+01
 24   1.123000000000e+01    1.124000000000e+01
 25   1.124000000000e+01    1.125000000000e+01
 26   1.125000000000e+01    1.126000000000e+01
 27   1.126000000000e+01    1.127000000000e+01
 28   1.127000000000e+01    1.128000000000e+01
 29   1.128000000000e+01    1.129000000000e+01
 30   1.129000000000e+01    1.130000000000e+01
 31   1.130000000000e+01    1.131000000000e+01
 32   1.131000000000e+01    1.132000000000e+01
 33   1.132000000000e+01    1.133000000000e+01
 34   1.133000000000e+01    1.134000000000e+01
 35   1.134000000000e+01    1.135000000000e+01
 36   1.135000000000e+01    1.136000000000e+01
 37   1.136000000000e+01    1.137000000000e+01
 38   1.137000000000e+01    1.138000000000e+01
 39   1.138000000000e+01    1.139000000000e+01
 40   1.139000000000e+01    1.140000000000e+01
 41   1.140000000000e+01    1.141000000000e+01
 42   1.141000000000e+01    1.142000000000e+01
 43   1.142000000000e+01    1.143000000000e+01
 44   1.143000000000e+01    1.144000000000e+01
 45   1.144000000000e+01    1.145000000000e+01
 46   1.145000000000e+01    1.146000000000e+01
 47   1.146000000000e+01    1.147000000000e+01
 48   1.147000000000e+01    1.148000000000e+01
 49   1.148000000000e+01    1.149000000000e+01
 50   1.149000000000e+01    1.150000000000e+01
 51   1.150000000000e+01    1.151000000000e+01
 52   1.151000000000e+01    1.152000000000e+01
 53   1.152000000000e+01    1.153000000000e+01
 54   1.153000000000e+01    1.154000000000e+01
 55   1.154000000000e+01    1.155000000000e+01
 56   1.155000000000e+01    1.156000000000e+01
 57   1.156000000000e+01    1.157000000000e+01
 58   1.157000000000e+01    1.158000000000e+01
 59   1.158000000000e+01    1.159000000000e+01
 60   1.159000000000e+01    1.160000000000e+01
 61   1.160000000000e+01    1.161000000000e+01
 62   1.161000000000e+01    1.162000000000e+01
 63   1.162000000000e+01    1.163000000000e+01
 64   1.163000000000e+01    1.164000000000e+01
 65   1.164000000000e+01    1.165000000000e+01
 66   1.165000000000e+01    1.166000000000e+01
 67   1.166000000000e+01    1.167000000000e+01
 68   1.167000000000e+01    1.168000000000e+01
 69   1.168000000000e+01    1.169000000000e+01
 70   1.169000000000e+01    1.170000000000e+01
 71   1.170000000000e+01    1.171000000000e+01
 72   1.171000000000e+01    1.172000000000e+01
 73   1.172000000000e+01    1.173000000000e+01
 74   1.173000000000e+01    1.174000000000e+01
 75   1.174000000000e+01    1.175000000000e+01
 76   1.175000000000e+01    1.176000000000e+01
 77   1.176000000000e+01    1.177000000000e+01
 78   1.177000000000e+01    1.178000000000e+01
 79   1.178000000000e+01    1.179000000000e+01
 80   1.179000000000e+01    1.180000000000e+01
 81   1.180000000000e+01    1.181000000000e+01
 82   1.181000000000e+01    1.182000000000e+01
 83   1.182000000000e+01    1.183000000000e+01
 84   1.183000000000e+01    1.184000000000e+01
 85   1.184000000000e+01    1.185000000000e+01
 86   1.185000000000e+01    1.186000000000e+01
 87   1.186000000000e+01    1.187000000000e+01
 88   1.187000000000e+01    1.188000000000e+01
 89   1.188000000000e+01    1.189000000000e+01
 90   1.189000000000e+01    1.190000000000e+01
 91   1.190000000000e+01    1.191000000000e+01
 92   1.191000000000e+01    1.192000000000e+01
 93   1.192000000000e+01    1.193000000000e+01
 94   1.193000000000e+01    1.194000000000e+01
 95   1.194000000000e+01    1.195000000000e+01
 96   1.195000000000e+01    1.196000000000e+01
 97   1.196000000000e+01    1.197000000000e+01
 98   1.197000000000e+01    1.198000000000e+01
 99   1.198000000000e+01    1.199000000000e+01
 100   1.199000000000e+01    1.200000000000e+01
 101   1.200000000000e+01    1.201009994166e+01
 102   1.201009994166e+01    1.202030082380e+01
 103   1.202030082380e+01    1.203060365525e+01
 104   1.203060365525e+01    1.204100945491e+01
 105   1.204100945491e+01    1.205151925185e+01
 106   1.205151925185e+01    1.206213408544e+01
 107   1.206213408544e+01    1.207285500544e+01
 108   1.207285500544e+01    1.208368307209e+01
 109   1.208368307209e+01    1.209461935623e+01
 110   1.209461935623e+01    1.210566493940e+01
 111   1.210566493940e+01    1.211682091396e+01
 112   1.211682091396e+01    1.212808838318e+01
 113   1.212808838318e+01    1.213946846136e+01
 114   1.213946846136e+01    1.215096227392e+01
 115   1.215096227392e+01    1.216257095754e+01
 116   1.216257095754e+01    1.217429566027e+01
 117   1.217429566027e+01    1.218613754163e+01
 118   1.218613754163e+01    1.219809777270e+01
 119   1.219809777270e+01    1.221017753631e+01
 120   1.221017753631e+01    1.222237802708e+01
 121   1.222237802708e+01    1.223470045157e+01
 122   1.223470045157e+01    1.224714602841e+01
 123   1.224714602841e+01    1.225971598841e+01
 124   1.225971598841e+01    1.227241157467e+01
 125   1.227241157467e+01    1.228523404272e+01
 126   1.228523404272e+01    1.229818466065e+01
 127   1.229818466065e+01    1.231126470919e+01
 128   1.231126470919e+01    1.232447548190e+01
 129   1.232447548190e+01    1.233781828527e+01
 130   1.233781828527e+01    1.235129443882e+01
 131   1.235129443882e+01    1.236490527528e+01
 132   1.236490527528e+01    1.237865214070e+01
 133   1.237865214070e+01    1.239253639457e+01
 134   1.239253639457e+01    1.240655940997e+01
 135   1.240655940997e+01    1.242072257370e+01
 136   1.242072257370e+01    1.243502728644e+01
 137   1.243502728644e+01    1.244947496286e+01
 138   1.244947496286e+01    1.246406703174e+01
 139   1.246406703174e+01    1.247880493617e+01
 140   1.247880493617e+01    1.249369013366e+01
 141   1.249369013366e+01    1.250872409629e+01
 142   1.250872409629e+01    1.252390831082e+01
 143   1.252390831082e+01    1.253924427891e+01
 144   1.253924427891e+01    1.255473351720e+01
 145   1.255473351720e+01    1.257037755751e+01
 146   1.257037755751e+01    1.258617794695e+01
 147   1.258617794695e+01    1.260213624809e+01
 148   1.260213624809e+01    1.261825403915e+01
 149   1.261825403915e+01    1.263453291407e+01
 150   1.263453291407e+01    1.265097448277e+01
 151   1.265097448277e+01    1.266758037122e+01
 152   1.266758037122e+01    1.268435222168e+01
 153   1.268435222168e+01    1.270129169279e+01
 154   1.270129169279e+01    1.271840045978e+01
 155   1.271840045978e+01    1.273568021462e+01
 156   1.273568021462e+01    1.275313266619e+01
 157   1.275313266619e+01    1.277075954045e+01
 158   1.277075954045e+01    1.278856258062e+01
 159   1.278856258062e+01    1.280654354731e+01
 160   1.280654354731e+01    1.282470421877e+01
 161   1.282470421877e+01    1.284304639098e+01
 162   1.284304639098e+01    1.286157187790e+01
 163   1.286157187790e+01    1.288028251161e+01
 164   1.288028251161e+01    1.289918014249e+01
 165   1.289918014249e+01    1.291826663942e+01
 166   1.291826663942e+01    1.293754388996e+01
 167   1.293754388996e+01    1.295701380054e+01
 168   1.295701380054e+01    1.297667829663e+01
 169   1.297667829663e+01    1.299653932295e+01
 170   1.299653932295e+01    1.301659884365e+01
 171   1.301659884365e+01    1.303685884253e+01
 172   1.303685884253e+01    1.305732132319e+01
 173   1.305732132319e+01    1.307798830928e+01
 174   1.307798830928e+01    1.309886184464e+01
 175   1.309886184464e+01    1.311994399358e+01
 176   1.311994399358e+01    1.314123684100e+01
 177   1.314123684100e+01    1.316274249267e+01
 178   1.316274249267e+01    1.318446307538e+01
 179   1.318446307538e+01    1.320640073720e+01
 180   1.320640073720e+01    1.322855764763e+01
 181   1.322855764763e+01    1.325093599791e+01
 182   1.325093599791e+01    1.327353800112e+01
 183   1.327353800112e+01    1.329636589249e+01
 184   1.329636589249e+01    1.331942192959e+01
 185   1.331942192959e+01    1.334270839255e+01
 186   1.334270839255e+01    1.336622758427e+01
 187   1.336622758427e+01    1.338998183069e+01
 188   1.338998183069e+01    1.341397348099e+01
 189   1.341397348099e+01    1.343820490781e+01
 190   1.343820490781e+01    1.346267850752e+01
 191   1.346267850752e+01    1.348739670045e+01
 192   1.348739670045e+01    1.351236193108e+01
 193   1.351236193108e+01    1.353757666837e+01
 194   1.353757666837e+01    1.356304340592e+01
 195   1.356304340592e+01    1.358876466226e+01
 196   1.358876466226e+01    1.361474298110e+01
 197   1.361474298110e+01    1.364098093155e+01
 198   1.364098093155e+01    1.366748110844e+01
 199   1.366748110844e+01    1.369424613247e+01
 200   1.369424613247e+01    1.372127865059e+01
 201   1.372127865059e+01    1.374858133618e+01
 202   1.374858133618e+01    1.377615688933e+01
 203   1.377615688933e+01    1.380400803712e+01
 204   1.380400803712e+01    1.383213753389e+01
 205   1.383213753389e+01    1.386054816152e+01
 206   1.386054816152e+01    1.388924272966e+01
 207   1.388924272966e+01    1.391822407607e+01
 208   1.391822407607e+01    1.394749506686e+01
 209   1.394749506686e+01    1.397705859678e+01
 210   1.397705859678e+01    1.400691758951e+01
 211   1.400691758951e+01    1.403707499796e+01
 212   1.403707499796e+01    1.406753380455e+01
 213   1.406753380455e+01    1.409829702149e+01
 214   1.409829702149e+01    1.412936769112e+01
 215   1.412936769112e+01    1.416074888616e+01
 216   1.416074888616e+01    1.419244371007e+01
 217   1.419244371007e+01    1.422445529730e+01
 218   1.422445529730e+01    1.425678681363e+01
 219   1.425678681363e+01    1.428944145650e+01
 220   1.428944145650e+01    1.432242245527e+01
 221   1.432242245527e+01    1.435573307160e+01
 222   1.435573307160e+01    1.438937659975e+01
 223   1.438937659975e+01    1.442335636690e+01
 224   1.442335636690e+01    1.445767573347e+01
 225   1.445767573347e+01    1.449233809347e+01
 226   1.449233809347e+01    1.452734687483e+01
 227   1.452734687483e+01    1.456270553976e+01
 228   1.456270553976e+01    1.459841758504e+01
 229   1.459841758504e+01    1.463448654241e+01
 230   1.463448654241e+01    1.467091597892e+01
 231   1.467091597892e+01    1.470770949726e+01
 232   1.470770949726e+01    1.474487073610e+01
 233   1.474487073610e+01    1.478240337053e+01
 234   1.478240337053e+01    1.482031111232e+01
 235   1.482031111232e+01    1.485859771036e+01
 236   1.485859771036e+01    1.489726695100e+01
 237   1.489726695100e+01    1.493632265843e+01
 238   1.493632265843e+01    1.497576869508e+01
 239   1.497576869508e+01    1.501560896195e+01
 240   1.501560896195e+01    1.505584739905e+01
 241   1.505584739905e+01    1.509648798575e+01
 242   1.509648798575e+01    1.513753474120e+01
 243   1.513753474120e+01    1.517899172473e+01
 244   1.517899172473e+01    1.522086303622e+01
 245   1.522086303622e+01    1.526315281653e+01
 246   1.526315281653e+01    1.530586524790e+01
 247   1.530586524790e+01    1.534900455440e+01
 248   1.534900455440e+01    1.539257500226e+01
 249   1.539257500226e+01    1.543658090040e+01
 250   1.543658090040e+01    1.548102660078e+01
 251   1.548102660078e+01    1.552591649884e+01
 252   1.552591649884e+01    1.557125503398e+01
 253   1.557125503398e+01    1.561704668995e+01
 254   1.561704668995e+01    1.566329599532e+01
 255   1.566329599532e+01    1.571000752390e+01
 256   1.571000752390e+01    1.575718589524e+01
 257   1.575718589524e+01    1.580483577503e+01
 258   1.580483577503e+01    1.585296187562e+01
 259   1.585296187562e+01    1.590156895642e+01
 260   1.590156895642e+01    1.595066182444e+01
 261   1.595066182444e+01    1.600024533472e+01
 262   1.600024533472e+01    1.605032439081e+01
 263   1.605032439081e+01    1.610090394528e+01
 264   1.610090394528e+01    1.615198900019e+01
 265   1.615198900019e+01    1.620358460761e+01
 266   1.620358460761e+01    1.625569587007e+01
 267   1.625569587007e+01    1.630832794112e+01
 268   1.630832794112e+01    1.636148602581e+01
 269   1.636148602581e+01    1.641517538119e+01
 270   1.641517538119e+01    1.646940131689e+01
 271   1.646940131689e+01    1.652416919557e+01
 272   1.652416919557e+01    1.657948443351e+01
 273   1.657948443351e+01    1.663535250109e+01
 274   1.663535250109e+01    1.669177892339e+01
 275   1.669177892339e+01    1.674876928070e+01
 276   1.674876928070e+01    1.680632920909e+01
 277   1.680632920909e+01    1.686446440093e+01
 278   1.686446440093e+01    1.692318060551e+01
 279   1.692318060551e+01    1.698248362956e+01
 280   1.698248362956e+01    1.704237933785e+01
 281   1.704237933785e+01    1.710287365378e+01
 282   1.710287365378e+01    1.716397255992e+01
 283   1.716397255992e+01    1.722568209864e+01
 284   1.722568209864e+01    1.728800837272e+01
 285   1.728800837272e+01    1.735095754590e+01
 286   1.735095754590e+01    1.741453584355e+01
 287   1.741453584355e+01    1.747874955323e+01
 288   1.747874955323e+01    1.754360502536e+01
 289   1.754360502536e+01    1.760910867383e+01
 290   1.760910867383e+01    1.767526697660e+01
 291   1.767526697660e+01    1.774208647641e+01
 292   1.774208647641e+01    1.780957378137e+01
 293   1.780957378137e+01    1.787773556564e+01
 294   1.787773556564e+01    1.794657857006e+01
 295   1.794657857006e+01    1.801610960288e+01
 296   1.801610960288e+01    1.808633554035e+01
 297   1.808633554035e+01    1.815726332747e+01
 298   1.815726332747e+01    1.822889997864e+01
 299   1.822889997864e+01    1.830125257838e+01
 300   1.830125257838e+01    1.837432828197e+01
 301   1.837432828197e+01    1.844813431626e+01
 302   1.844813431626e+01    1.852267798027e+01
 303   1.852267798027e+01    1.859796664601e+01
 304   1.859796664601e+01    1.867400775914e+01
 305   1.867400775914e+01    1.875080883975e+01
 306   1.875080883975e+01    1.882837748309e+01
 307   1.882837748309e+01    1.890672136029e+01
 308   1.890672136029e+01    1.898584821918e+01
 309   1.898584821918e+01    1.906576588500e+01
 310   1.906576588500e+01    1.914648226121e+01
 311   1.914648226121e+01    1.922800533025e+01
 312   1.922800533025e+01    1.931034315435e+01
 313   1.931034315435e+01    1.939350387629e+01
 314   1.939350387629e+01    1.947749572027e+01
 315   1.947749572027e+01    1.956232699265e+01
 316   1.956232699265e+01    1.964800608281e+01
 317   1.964800608281e+01    1.973454146400e+01
 318   1.973454146400e+01    1.982194169411e+01
 319   1.982194169411e+01    1.991021541660e+01
 320   1.991021541660e+01    1.999937136129e+01
 321   1.999937136129e+01    2.008941834527e+01
 322   2.008941834527e+01    2.018036527371e+01
 323   2.018036527371e+01    2.027222114082e+01
 324   2.027222114082e+01    2.036499503068e+01
 325   2.036499503068e+01    2.045869611816e+01
 326   2.045869611816e+01    2.055333366983e+01
 327   2.055333366983e+01    2.064891704487e+01
 328   2.064891704487e+01    2.074545569599e+01
 329   2.074545569599e+01    2.084295917037e+01
 330   2.084295917037e+01    2.094143711063e+01
 331   2.094143711063e+01    2.104089925574e+01
 332   2.104089925574e+01    2.114135544199e+01
 333   2.114135544199e+01    2.124281560401e+01
 334   2.124281560401e+01    2.134528977570e+01
 335   2.134528977570e+01    2.144878809123e+01
 336   2.144878809123e+01    2.155332078606e+01
 337   2.155332078606e+01    2.165889819797e+01
 338   2.165889819797e+01    2.176553076801e+01
 339   2.176553076801e+01    2.187322904162e+01
 340   2.187322904162e+01    2.198200366962e+01
 341   2.198200366962e+01    2.209186540926e+01
 342   2.209186540926e+01    2.220282512533e+01
 343   2.220282512533e+01    2.231489379117e+01
 344   2.231489379117e+01    2.242808248983e+01
 345   2.242808248983e+01    2.254240241508e+01
 346   2.254240241508e+01    2.265786487261e+01
 347   2.265786487261e+01    2.277448128106e+01
 348   2.277448128106e+01    2.289226317321e+01
 349   2.289226317321e+01    2.301122219710e+01
 350   2.301122219710e+01    2.313137011717e+01
 351   2.313137011717e+01    2.325271881546e+01
 352   2.325271881546e+01    2.337528029274e+01
 353   2.337528029274e+01    2.349906666972e+01
 354   2.349906666972e+01    2.362409018826e+01
 355   2.362409018826e+01    2.375036321255e+01
 356   2.375036321255e+01    2.387789823036e+01
 357   2.387789823036e+01    2.400670785425e+01
 358   2.400670785425e+01    2.413680482287e+01
 359   2.413680482287e+01    2.426820200214e+01
 360   2.426820200214e+01    2.440091238658e+01
 361   2.440091238658e+01    2.453494910058e+01
 362   2.453494910058e+01    2.467032539970e+01
 363   2.467032539970e+01    2.480705467198e+01
 364   2.480705467198e+01    2.494515043926e+01
 365   2.494515043926e+01    2.508462635850e+01
 366   2.508462635850e+01    2.522549622318e+01
 367   2.522549622318e+01    2.536777396462e+01
 368   2.536777396462e+01    2.551147365338e+01
 369   2.551147365338e+01    2.565660950062e+01
 370   2.565660950062e+01    2.580319585956e+01
 371   2.580319585956e+01    2.595124722686e+01
 372   2.595124722686e+01    2.610077824403e+01
 373   2.610077824403e+01    2.625180369896e+01
 374   2.625180369896e+01    2.640433852730e+01
 375   2.640433852730e+01    2.655839781398e+01
 376   2.655839781398e+01    2.671399679469e+01
 377   2.671399679469e+01    2.687115085738e+01
 378   2.687115085738e+01    2.702987554381e+01
 379   2.702987554381e+01    2.719018655104e+01
 380   2.719018655104e+01    2.735209973303e+01
 381   2.735209973303e+01    2.751563110217e+01
 382   2.751563110217e+01    2.768079683091e+01
 383   2.768079683091e+01    2.784761325330e+01
 384   2.784761325330e+01    2.801609686664e+01
 385   2.801609686664e+01    2.818626433311e+01
 386   2.818626433311e+01    2.835813248144e+01
 387   2.835813248144e+01    2.853171830850e+01
 388   2.853171830850e+01    2.870703898107e+01
 389   2.870703898107e+01    2.888411183748e+01
 390   2.888411183748e+01    2.906295438934e+01
 391   2.906295438934e+01    2.924358432329e+01
 392   2.924358432329e+01    2.942601950272e+01
 393   2.942601950272e+01    2.961027796955e+01
 394   2.961027796955e+01    2.979637794601e+01
 395   2.979637794601e+01    2.998433783646e+01
 396   2.998433783646e+01    3.017417622919e+01
 397   3.017417622919e+01    3.036591189826e+01
 398   3.036591189826e+01    3.055956380536e+01
 399   3.055956380536e+01    3.075515110170e+01
 400   3.075515110170e+01    3.095269312987e+01
 401   3.095269312987e+01    3.115220942579e+01
 402   3.115220942579e+01    3.135371972061e+01
 403   3.135371972061e+01    3.155724394270e+01
 404   3.155724394270e+01    3.176280221958e+01
 405   3.176280221958e+01    3.197041487992e+01
 406   3.197041487992e+01    3.218010245557e+01
 407   3.218010245557e+01    3.239188568358e+01
 408   3.239188568358e+01    3.260578550826e+01
 409   3.260578550826e+01    3.282182308321e+01
 410   3.282182308321e+01    3.304001977346e+01
 411   3.304001977346e+01    3.326039715758e+01
 412   3.326039715758e+01    3.348297702978e+01
 413   3.348297702978e+01    3.370778140208e+01
 414   3.370778140208e+01    3.393483250651e+01
 415   3.393483250651e+01    3.416415279729e+01
 416   3.416415279729e+01    3.439576495304e+01
 417   3.439576495304e+01    3.462969187903e+01
 418   3.462969187903e+01    3.486595670947e+01
 419   3.486595670947e+01    3.510458280976e+01
 420   3.510458280976e+01    3.534559377881e+01
 421   3.534559377881e+01    3.558901345141e+01
 422   3.558901345141e+01    3.583486590053e+01
 423   3.583486590053e+01    3.608317543975e+01
 424   3.608317543975e+01    3.633396662564e+01
 425   3.633396662564e+01    3.658726426017e+01
 426   3.658726426017e+01    3.684309339321e+01
 427   3.684309339321e+01    3.710147932499e+01
 428   3.710147932499e+01    3.736244760856e+01
 429   3.736244760856e+01    3.762602405238e+01
 430   3.762602405238e+01    3.789223472284e+01
 431   3.789223472284e+01    3.816110594683e+01
 432   3.816110594683e+01    3.843266431437e+01
 433   3.843266431437e+01    3.870693668121e+01
 434   3.870693668121e+01    3.898395017151e+01
 435   3.898395017151e+01    3.926373218052e+01
 436   3.926373218052e+01    3.954631037726e+01
 437   3.954631037726e+01    3.983171270730e+01
 438   3.983171270730e+01    4.011996739551e+01
 439   4.011996739551e+01    4.041110294881e+01
 440   4.041110294881e+01    4.070514815905e+01
 441   4.070514815905e+01    4.100213210582e+01
 442   4.100213210582e+01    4.130208415935e+01
 443   4.130208415935e+01    4.160503398338e+01
 444   4.160503398338e+01    4.191101153813e+01
 445   4.191101153813e+01    4.222004708324e+01
 446   4.222004708324e+01    4.253217118077e+01
 447   4.253217118077e+01    4.284741469823e+01
 448   4.284741469823e+01    4.316580881162e+01
 449   4.316580881162e+01    4.348738500852e+01
 450   4.348738500852e+01    4.381217509118e+01
 451   4.381217509118e+01    4.414021117973e+01
 452   4.414021117973e+01    4.447152571528e+01
 453   4.447152571528e+01    4.480615146317e+01
 454   4.480615146317e+01    4.514412151622e+01
 455   4.514412151622e+01    4.548546929795e+01
 456   4.548546929795e+01    4.583022856594e+01
 457   4.583022856594e+01    4.617843341517e+01
 458   4.617843341517e+01    4.653011828133e+01
 459   4.653011828133e+01    4.688531794429e+01
 460   4.688531794429e+01    4.724406753151e+01
 461   4.724406753151e+01    4.760640252153e+01
 462   4.760640252153e+01    4.797235874746e+01
 463   4.797235874746e+01    4.834197240051e+01
 464   4.834197240051e+01    4.871528003364e+01
 465   4.871528003364e+01    4.909231856508e+01
 466   4.909231856508e+01    4.947312528206e+01
 467   4.947312528206e+01    4.985773784443e+01
 468   4.985773784443e+01    5.024619428846e+01
 469   5.024619428846e+01    5.063853303053e+01
 470   5.063853303053e+01    5.103479287097e+01
 471   5.103479287097e+01    5.143501299788e+01
 472   5.143501299788e+01    5.183923299104e+01
 473   5.183923299104e+01    5.224749282575e+01
 474   5.224749282575e+01    5.265983287688e+01
 475   5.265983287688e+01    5.307629392277e+01
 476   5.307629392277e+01    5.349691714933e+01
 477   5.349691714933e+01    5.392174415408e+01
 478   5.392174415408e+01    5.435081695029e+01
 479   5.435081695029e+01    5.478417797109e+01
 480   5.478417797109e+01    5.522187007370e+01
 481   5.522187007370e+01    5.566393654369e+01
 482   5.566393654369e+01    5.611042109919e+01
 483   5.611042109919e+01    5.656136789529e+01
 484   5.656136789529e+01    5.701682152837e+01
 485   5.701682152837e+01    5.747682704049e+01
 486   5.747682704049e+01    5.794142992389e+01
 487   5.794142992389e+01    5.841067612545e+01
 488   5.841067612545e+01    5.888461205128e+01
 489   5.888461205128e+01    5.936328457124e+01
 490   5.936328457124e+01    5.984674102366e+01
 491   5.984674102366e+01    6.033502921993e+01
 492   6.033502921993e+01    6.082819744931e+01
 493   6.082819744931e+01    6.132629448366e+01
 494   6.132629448366e+01    6.182936958227e+01
 495   6.182936958227e+01    6.233747249674e+01
 496   6.233747249674e+01    6.285065347589e+01
 497   6.285065347589e+01    6.336896327075e+01
 498   6.336896327075e+01    6.389245313954e+01
 499   6.389245313954e+01    6.442117485279e+01
 500   6.442117485279e+01    6.495518069841e+01
 501   6.495518069841e+01    6.549452348690e+01
 502   6.549452348690e+01    6.603925655655e+01
 503   6.603925655655e+01    6.658943377872e+01
 504   6.658943377872e+01    6.714510956317e+01
 505   6.714510956317e+01    6.770633886345e+01
 506   6.770633886345e+01    6.827317718232e+01
 507   6.827317718232e+01    6.884568057723e+01
 508   6.884568057723e+01    6.942390566589e+01
 509   6.942390566589e+01    7.000790963185e+01
 510   7.000790963185e+01    7.059775023018e+01
 511   7.059775023018e+01    7.119348579315e+01
 512   7.119348579315e+01    7.179517523600e+01
 513   7.179517523600e+01    7.240287806281e+01
 514   7.240287806281e+01    7.301665437231e+01
 515   7.301665437231e+01    7.363656486392e+01
 516   7.363656486392e+01    7.426267084365e+01
 517   7.426267084365e+01    7.489503423024e+01
 518   7.489503423024e+01    7.553371756126e+01
 519   7.553371756126e+01    7.617878399928e+01
 520   7.617878399928e+01    7.683029733811e+01
 521   7.683029733811e+01    7.748832200917e+01
 522   7.748832200917e+01    7.815292308778e+01
 523   7.815292308778e+01    7.882416629964e+01
 524   7.882416629964e+01    7.950211802734e+01
 525   7.950211802734e+01    8.018684531689e+01
 526   8.018684531689e+01    8.087841588439e+01
 527   8.087841588439e+01    8.157689812269e+01
 528   8.157689812269e+01    8.228236110816e+01
 529   8.228236110816e+01    8.299487460755e+01
 530   8.299487460755e+01    8.371450908488e+01
 531   8.371450908488e+01    8.444133570836e+01
 532   8.444133570836e+01    8.517542635749e+01
 533   8.517542635749e+01    8.591685363017e+01
 534   8.591685363017e+01    8.666569084981e+01
 535   8.666569084981e+01    8.742201207265e+01
 536   8.742201207265e+01    8.818589209506e+01
 537   8.818589209506e+01    8.895740646094e+01
 538   8.895740646094e+01    8.973663146917e+01
 539   8.973663146917e+01    9.052364418120e+01
 540   9.052364418120e+01    9.131852242863e+01
 541   9.131852242863e+01    9.212134482091e+01
 542   9.212134482091e+01    9.293219075316e+01
 543   9.293219075316e+01    9.375114041395e+01
 544   9.375114041395e+01    9.457827479329e+01
 545   9.457827479329e+01    9.541367569062e+01
 546   9.541367569062e+01    9.625742572288e+01
 547   9.625742572288e+01    9.710960833272e+01
 548   9.710960833272e+01    9.797030779671e+01
 549   9.797030779671e+01    9.883960923369e+01
 550   9.883960923369e+01    9.971759861322e+01
 551   9.971759861322e+01    1.006043627640e+02
 552   1.006043627640e+02    1.014999893826e+02
 553   1.014999893826e+02    1.024045670420e+02
 554   1.024045670420e+02    1.033181852003e+02
 555   1.033181852003e+02    1.042409342099e+02
 556   1.042409342099e+02    1.051729053258e+02
 557   1.051729053258e+02    1.061141907155e+02
 558   1.061141907155e+02    1.070648834672e+02
 559   1.070648834672e+02    1.080250775998e+02
 560   1.080250775998e+02    1.089948680715e+02
 561   1.089948680715e+02    1.099743507899e+02
 562   1.099743507899e+02    1.109636226208e+02
 563   1.109636226208e+02    1.119627813982e+02
 564   1.119627813982e+02    1.129719259339e+02
 565   1.129719259339e+02    1.139911560273e+02
 566   1.139911560273e+02    1.150205724750e+02
 567   1.150205724750e+02    1.160602770812e+02
 568   1.160602770812e+02    1.171103726674e+02
 569   1.171103726674e+02    1.181709630829e+02
 570   1.181709630829e+02    1.192421532146e+02
 571   1.192421532146e+02    1.203240489980e+02
 572   1.203240489980e+02    1.214167574270e+02
 573   1.214167574270e+02    1.225203865650e+02
 574   1.225203865650e+02    1.236350455554e+02
 575   1.236350455554e+02    1.247608446324e+02
 576   1.247608446324e+02    1.258978951318e+02
 577   1.258978951318e+02    1.270463095022e+02
 578   1.270463095022e+02    1.282062013161e+02
 579   1.282062013161e+02    1.293776852809e+02
 580   1.293776852809e+02    1.305608772504e+02
 581   1.305608772504e+02    1.317558942365e+02
 582   1.317558942365e+02    1.329628544202e+02
 583   1.329628544202e+02    1.341818771640e+02
 584   1.341818771640e+02    1.354130830229e+02
 585   1.354130830229e+02    1.366565937571e+02
 586   1.366565937571e+02    1.379125323436e+02
 587   1.379125323436e+02    1.391810229883e+02
 588   1.391810229883e+02    1.404621911386e+02
 589   1.404621911386e+02    1.417561634956e+02
 590   1.417561634956e+02    1.430630680267e+02
 591   1.430630680267e+02    1.443830339781e+02
 592   1.443830339781e+02    1.457161918878e+02
 593   1.457161918878e+02    1.470626735986e+02
 594   1.470626735986e+02    1.484226122705e+02
 595   1.484226122705e+02    1.497961423948e+02
 596   1.497961423948e+02    1.511833998066e+02
 597   1.511833998066e+02    1.525845216988e+02
 598   1.525845216988e+02    1.539996466353e+02
 599   1.539996466353e+02    1.554289145647e+02
 600   1.554289145647e+02    1.568724668346e+02
 601   1.568724668346e+02    1.583304462049e+02
 602   1.583304462049e+02    1.598029968625e+02
 603   1.598029968625e+02    1.612902644354e+02
 604   1.612902644354e+02    1.627923960066e+02
 605   1.627923960066e+02    1.643095401296e+02
 606   1.643095401296e+02    1.658418468423e+02
 607   1.658418468423e+02    1.673894676820e+02
 608   1.673894676820e+02    1.689525557007e+02
 609   1.689525557007e+02    1.705312654800e+02
 610   1.705312654800e+02    1.721257531463e+02
 611   1.721257531463e+02    1.737361763865e+02
 612   1.737361763865e+02    1.753626944632e+02
 613   1.753626944632e+02    1.770054682310e+02
 614   1.770054682310e+02    1.786646601519e+02
 615   1.786646601519e+02    1.803404343116e+02
 616   1.803404343116e+02    1.820329564359e+02
 617   1.820329564359e+02    1.837423939067e+02
 618   1.837423939067e+02    1.854689157786e+02
 619   1.854689157786e+02    1.872126927961e+02
 620   1.872126927961e+02    1.889738974099e+02
 621   1.889738974099e+02    1.907527037944e+02
 622   1.907527037944e+02    1.925492878645e+02
 623   1.925492878645e+02    1.943638272933e+02
 624   1.943638272933e+02    1.961965015297e+02
 625   1.961965015297e+02    1.980474918160e+02
 626   1.980474918160e+02    1.999169812058e+02
 627   1.999169812058e+02    2.018051545822e+02
 628   2.018051545822e+02    2.037121986761e+02
 629   2.037121986761e+02    2.056383020845e+02
 630   2.056383020845e+02    2.075836552894e+02
 631   2.075836552894e+02    2.095484506764e+02
 632   2.095484506764e+02    2.115328825539e+02
 633   2.115328825539e+02    2.135371471723e+02
 634   2.135371471723e+02    2.155614427433e+02
 635   2.155614427433e+02    2.176059694595e+02
 636   2.176059694595e+02    2.196709295143e+02
 637   2.196709295143e+02    2.217565271219e+02
 638   2.217565271219e+02    2.238629685375e+02
 639   2.238629685375e+02    2.259904620775e+02
 640   2.259904620775e+02    2.281392181402e+02
 641   2.281392181402e+02    2.303094492270e+02
 642   2.303094492270e+02    2.325013699627e+02
 643   2.325013699627e+02    2.347151971172e+02
 644   2.347151971172e+02    2.369511496271e+02
 645   2.369511496271e+02    2.392094486166e+02
 646   2.392094486166e+02    2.414903174203e+02
 647   2.414903174203e+02    2.437939816046e+02
 648   2.437939816046e+02    2.461206689903e+02
 649   2.461206689903e+02    2.484706096751e+02
 650   2.484706096751e+02    2.508440360563e+02
 651   2.508440360563e+02    2.532411828539e+02
 652   2.532411828539e+02    2.556622871337e+02
 653   2.556622871337e+02    2.581075883306e+02
 654   2.581075883306e+02    2.605773282726e+02
 655   2.605773282726e+02    2.630717512048e+02
 656   2.630717512048e+02    2.655911038128e+02
 657   2.655911038128e+02    2.681356352481e+02
 658   2.681356352481e+02    2.707055971520e+02
 659   2.707055971520e+02    2.733012436809e+02
 660   2.733012436809e+02    2.759228315310e+02
 661   2.759228315310e+02    2.785706199644e+02
 662   2.785706199644e+02    2.812448708339e+02
 663   2.812448708339e+02    2.839458486095e+02
 664   2.839458486095e+02    2.866738204044e+02
 665   2.866738204044e+02    2.894290560012e+02
 666   2.894290560012e+02    2.922118278790e+02
 667   2.922118278790e+02    2.950224112398e+02
 668   2.950224112398e+02    2.978610840362e+02
 669   2.978610840362e+02    3.007281269987e+02
 670   3.007281269987e+02    3.036238236634e+02
 671   3.036238236634e+02    3.065484604002e+02
 672   3.065484604002e+02    3.095023264410e+02
 673   3.095023264410e+02    3.124857139082e+02
 674   3.124857139082e+02    3.154989178440e+02
 675   3.154989178440e+02    3.185422362389e+02
 676   3.185422362389e+02    3.216159700619e+02
 677   3.216159700619e+02    3.247204232899e+02
 678   3.247204232899e+02    3.278559029376e+02
 679   3.278559029376e+02    3.310227190882e+02
 680   3.310227190882e+02    3.342211849240e+02
 681   3.342211849240e+02    3.374516167571e+02
 682   3.374516167571e+02    3.407143340609e+02
 683   3.407143340609e+02    3.440096595019e+02
 684   3.440096595019e+02    3.473379189712e+02
 685   3.473379189712e+02    3.506994416169e+02
 686   3.506994416169e+02    3.540945598766e+02
 687   3.540945598766e+02    3.575236095106e+02
 688   3.575236095106e+02    3.609869296346e+02
 689   3.609869296346e+02    3.644848627535e+02
 690   3.644848627535e+02    3.680177547953e+02
 691   3.680177547953e+02    3.715859551454e+02
 692   3.715859551454e+02    3.751898166808e+02
 693   3.751898166808e+02    3.788296958053e+02
 694   3.788296958053e+02    3.825059524846e+02
 695   3.825059524846e+02    3.862189502820e+02
 696   3.862189502820e+02    3.899690563945e+02
 697   3.899690563945e+02    3.937566416885e+02
 698   3.937566416885e+02    3.975820807373e+02
 699   3.975820807373e+02    4.014457518576e+02
 700   4.014457518576e+02    4.053480371470e+02
 701   4.053480371470e+02    4.092893225219e+02
 702   4.092893225219e+02    4.132699977556e+02
 703   4.132699977556e+02    4.172904565169e+02
 704   4.172904565169e+02    4.213510964090e+02
 705   4.213510964090e+02    4.254523190087e+02
 706   4.254523190087e+02    4.295945299064e+02
 707   4.295945299064e+02    4.337781387459e+02
 708   4.337781387459e+02    4.380035592650e+02
 709   4.380035592650e+02    4.422712093367e+02
 710   4.422712093367e+02    4.465815110100e+02
 711   4.465815110100e+02    4.509348905521e+02
 712   4.509348905521e+02    4.553317784905e+02
 713   4.553317784905e+02    4.597726096551e+02
 714   4.597726096551e+02    4.642578232220e+02
 715   4.642578232220e+02    4.687878627561e+02
 716   4.687878627561e+02    4.733631762556e+02
 717   4.733631762556e+02    4.779842161961e+02
 718   4.779842161961e+02    4.826514395751e+02
 719   4.826514395751e+02    4.873653079576e+02
 720   4.873653079576e+02    4.921262875214e+02
 721   4.921262875214e+02    4.969348491036e+02
 722   4.969348491036e+02    5.017914682466e+02
 723   5.017914682466e+02    5.066966252458e+02
 724   5.066966252458e+02    5.116508051965e+02
 725   5.116508051965e+02    5.166544980421e+02
 726   5.166544980421e+02    5.217081986228e+02
 727   5.217081986228e+02    5.268124067242e+02
 728   5.268124067242e+02    5.319676271267e+02
 729   5.319676271267e+02    5.371743696557e+02
 730   5.371743696557e+02    5.424331492320e+02
 731   5.424331492320e+02    5.477444859224e+02
 732   5.477444859224e+02    5.531089049914e+02
 733   5.531089049914e+02    5.585269369531e+02
 734   5.585269369531e+02    5.639991176236e+02
 735   5.639991176236e+02    5.695259881740e+02
 736   5.695259881740e+02    5.751080951842e+02
 737   5.751080951842e+02    5.807459906964e+02
 738   5.807459906964e+02    5.864402322701e+02
 739   5.864402322701e+02    5.921913830372e+02
 740   5.921913830372e+02    5.980000117577e+02
 741   5.980000117577e+02    6.038666928757e+02
 742   6.038666928757e+02    6.097920065765e+02
 743   6.097920065765e+02    6.157765388438e+02
 744   6.157765388438e+02    6.218208815177e+02
 745   6.218208815177e+02    6.279256323535e+02
 746   6.279256323535e+02    6.340913950803e+02
 747   6.340913950803e+02    6.403187794610e+02
 748   6.403187794610e+02    6.466084013527e+02
 749   6.466084013527e+02    6.529608827672e+02
 750   6.529608827672e+02    6.593768519332e+02
 751   6.593768519332e+02    6.658569433577e+02
 752   6.658569433577e+02    6.724017978892e+02
 753   6.724017978892e+02    6.790120627809e+02
 754   6.790120627809e+02    6.856883917548e+02
 755   6.856883917548e+02    6.924314450662e+02
 756   6.924314450662e+02    6.992418895693e+02
 757   6.992418895693e+02    7.061203987828e+02
 758   7.061203987828e+02    7.130676529566e+02
 759   7.130676529566e+02    7.200843391393e+02
 760   7.200843391393e+02    7.271711512459e+02
 761   7.271711512459e+02    7.343287901265e+02
 762   7.343287901265e+02    7.415579636355e+02
 763   7.415579636355e+02    7.488593867020e+02
 764   7.488593867020e+02    7.562337813999e+02
 765   7.562337813999e+02    7.636818770198e+02
 766   7.636818770198e+02    7.712044101410e+02
 767   7.712044101410e+02    7.788021247042e+02
 768   7.788021247042e+02    7.864757720851e+02
 769   7.864757720851e+02    7.942261111689e+02
 770   7.942261111689e+02    8.020539084252e+02
 771   8.020539084252e+02    8.099599379838e+02
 772   8.099599379838e+02    8.179449817113e+02
 773   8.179449817113e+02    8.260098292883e+02
 774   8.260098292883e+02    8.341552782878e+02
 775   8.341552782878e+02    8.423821342538e+02
 776   8.423821342538e+02    8.506912107808e+02
 777   8.506912107808e+02    8.590833295949e+02
 778   8.590833295949e+02    8.675593206345e+02
 779   8.675593206345e+02    8.761200221323e+02
 780   8.761200221323e+02    8.847662806988e+02
 781   8.847662806988e+02    8.934989514055e+02
 782   8.934989514055e+02    9.023188978696e+02
 783   9.023188978696e+02    9.112269923396e+02
 784   9.112269923396e+02    9.202241157811e+02
 785   9.202241157811e+02    9.293111579644e+02
 786   9.293111579644e+02    9.384890175525e+02
 787   9.384890175525e+02    9.477586021893e+02
 788   9.477586021893e+02    9.571208285904e+02
 789   9.571208285904e+02    9.665766226328e+02
 790   9.665766226328e+02    9.761269194469e+02
 791   9.761269194469e+02    9.857726635093e+02
 792   9.857726635093e+02    9.955148087354e+02
 793   9.955148087354e+02    1.005354318575e+03
 794   1.005354318575e+03    1.015292166105e+03
 795   1.015292166105e+03    1.025329334129e+03
 796   1.025329334129e+03    1.035466815273e+03
 797   1.035466815273e+03    1.045705612083e+03
 798   1.045705612083e+03    1.056046737124e+03
 799   1.056046737124e+03    1.066491213081e+03
 800   1.066491213081e+03    1.077040072861e+03
 801   1.077040072861e+03    1.087694359693e+03
 802   1.087694359693e+03    1.098455127232e+03
 803   1.098455127232e+03    1.109323439664e+03
 804   1.109323439664e+03    1.120300371810e+03
 805   1.120300371810e+03    1.131387009235e+03
 806   1.131387009235e+03    1.142584448350e+03
 807   1.142584448350e+03    1.153893796527e+03
 808   1.153893796527e+03    1.165316172202e+03
 809   1.165316172202e+03    1.176852704992e+03
 810   1.176852704992e+03    1.188504535801e+03
 811   1.188504535801e+03    1.200272816937e+03
 812   1.200272816937e+03    1.212158712224e+03
 813   1.212158712224e+03    1.224163397117e+03
 814   1.224163397117e+03    1.236288058820e+03
 815   1.236288058820e+03    1.248533896399e+03
 816   1.248533896399e+03    1.260902120908e+03
 817   1.260902120908e+03    1.273393955501e+03
 818   1.273393955501e+03    1.286010635557e+03
 819   1.286010635557e+03    1.298753408804e+03
 820   1.298753408804e+03    1.311623535438e+03
 821   1.311623535438e+03    1.324622288249e+03
 822   1.324622288249e+03    1.337750952748e+03
 823   1.337750952748e+03    1.351010827294e+03
 824   1.351010827294e+03    1.364403223224e+03
 825   1.364403223224e+03    1.377929464976e+03
 826   1.377929464976e+03    1.391590890229e+03
 827   1.391590890229e+03    1.405388850028e+03
 828   1.405388850028e+03    1.419324708923e+03
 829   1.419324708923e+03    1.433399845100e+03
 830   1.433399845100e+03    1.447615650519e+03
 831   1.447615650519e+03    1.461973531052e+03
 832   1.461973531052e+03    1.476474906621e+03
 833   1.476474906621e+03    1.491121211340e+03
 834   1.491121211340e+03    1.505913893654e+03
 835   1.505913893654e+03    1.520854416484e+03
 836   1.520854416484e+03    1.535944257375e+03
 837   1.535944257375e+03    1.551184908635e+03
 838   1.551184908635e+03    1.566577877488e+03
 839   1.566577877488e+03    1.582124686221e+03
 840   1.582124686221e+03    1.597826872335e+03
 841   1.597826872335e+03    1.613685988698e+03
 842   1.613685988698e+03    1.629703603697e+03
 843   1.629703603697e+03    1.645881301394e+03
 844   1.645881301394e+03    1.662220681680e+03
 845   1.662220681680e+03    1.678723360440e+03
 846   1.678723360440e+03    1.695390969704e+03
 847   1.695390969704e+03    1.712225157816e+03
 848   1.712225157816e+03    1.729227589592e+03
 849   1.729227589592e+03    1.746399946487e+03
 850   1.746399946487e+03    1.763743926762e+03
 851   1.763743926762e+03    1.781261245648e+03
 852   1.781261245648e+03    1.798953635520e+03
 853   1.798953635520e+03    1.816822846067e+03
 854   1.816822846067e+03    1.834870644464e+03
 855   1.834870644464e+03    1.853098815547e+03
 856   1.853098815547e+03    1.871509161992e+03
 857   1.871509161992e+03    1.890103504488e+03
 858   1.890103504488e+03    1.908883681922e+03
 859   1.908883681922e+03    1.927851551561e+03
 860   1.927851551561e+03    1.947008989230e+03
 861   1.947008989230e+03    1.966357889504e+03
 862   1.966357889504e+03    1.985900165893e+03
 863   1.985900165893e+03    2.005637751028e+03
 864   2.005637751028e+03    2.025572596859e+03
 865   2.025572596859e+03    2.045706674840e+03
 866   2.045706674840e+03    2.066041976132e+03
 867   2.066041976132e+03    2.086580511792e+03
 868   2.086580511792e+03    2.107324312980e+03
 869   2.107324312980e+03    2.128275431153e+03
 870   2.128275431153e+03    2.149435938271e+03
 871   2.149435938271e+03    2.170807927002e+03
 872   2.170807927002e+03    2.192393510928e+03
 873   2.192393510928e+03    2.214194824755e+03
 874   2.214194824755e+03    2.236214024524e+03
 875   2.236214024524e+03    2.258453287822e+03
 876   2.258453287822e+03    2.280914814001e+03
 877   2.280914814001e+03    2.303600824392e+03
 878   2.303600824392e+03    2.326513562529e+03
 879   2.326513562529e+03    2.349655294366e+03
 880   2.349655294366e+03    2.373028308504e+03
 881   2.373028308504e+03    2.396634916417e+03
 882   2.396634916417e+03    2.420477452679e+03
 883   2.420477452679e+03    2.444558275197e+03
 884   2.444558275197e+03    2.468879765444e+03
 885   2.468879765444e+03    2.493444328693e+03
 886   2.493444328693e+03    2.518254394256e+03
 887   2.518254394256e+03    2.543312415723e+03
 888   2.543312415723e+03    2.568620871207e+03
 889   2.568620871207e+03    2.594182263587e+03
 890   2.594182263587e+03    2.619999120756e+03
 891   2.619999120756e+03    2.646073995872e+03
 892   2.646073995872e+03    2.672409467609e+03
 893   2.672409467609e+03    2.699008140411e+03
 894   2.699008140411e+03    2.725872644756e+03
 895   2.725872644756e+03    2.753005637406e+03
 896   2.753005637406e+03    2.780409801679e+03
 897   2.780409801679e+03    2.808087847709e+03
 898   2.808087847709e+03    2.836042512715e+03
 899   2.836042512715e+03    2.864276561273e+03
 900   2.864276561273e+03    2.892792785589e+03
 901   2.892792785589e+03    2.921594005774e+03
 902   2.921594005774e+03    2.950683070123e+03
 903   2.950683070123e+03    2.980062855400e+03
 904   2.980062855400e+03    3.009736267117e+03
 905   3.009736267117e+03    3.039706239825e+03
 906   3.039706239825e+03    3.069975737405e+03
 907   3.069975737405e+03    3.100547753357e+03
 908   3.100547753357e+03    3.131425311100e+03
 909   3.131425311100e+03    3.162611464269e+03
 910   3.162611464269e+03    3.194109297018e+03
 911   3.194109297018e+03    3.225921924325e+03
 912   3.225921924325e+03    3.258052492298e+03
 913   3.258052492298e+03    3.290504178490e+03
 914   3.290504178490e+03    3.323280192208e+03
 915   3.323280192208e+03    3.356383774836e+03
 916   3.356383774836e+03    3.389818200151e+03
 917   3.389818200151e+03    3.423586774651e+03
 918   3.423586774651e+03    3.457692837878e+03
 919   3.457692837878e+03    3.492139762749e+03
 920   3.492139762749e+03    3.526930955893e+03
 921   3.526930955893e+03    3.562069857984e+03
 922   3.562069857984e+03    3.597559944082e+03
 923   3.597559944082e+03    3.633404723979e+03
 924   3.633404723979e+03    3.669607742543e+03
 925   3.669607742543e+03    3.706172580071e+03
 926   3.706172580071e+03    3.743102852641e+03
 927   3.743102852641e+03    3.780402212472e+03
 928   3.780402212472e+03    3.818074348284e+03
 929   3.818074348284e+03    3.856122985660e+03
 930   3.856122985660e+03    3.894551887420e+03
 931   3.894551887420e+03    3.933364853989e+03
 932   3.933364853989e+03    3.972565723775e+03
 933   3.972565723775e+03    4.012158373546e+03
 934   4.012158373546e+03    4.052146718816e+03
 935   4.052146718816e+03    4.092534714233e+03
 936   4.092534714233e+03    4.133326353965e+03
 937   4.133326353965e+03    4.174525672101e+03
 938   4.174525672101e+03    4.216136743046e+03
 939   4.216136743046e+03    4.258163681926e+03
 940   4.258163681926e+03    4.300610644995e+03
 941   4.300610644995e+03    4.343481830042e+03
 942   4.343481830042e+03    4.386781476814e+03
 943   4.386781476814e+03    4.430513867427e+03
 944   4.430513867427e+03    4.474683326796e+03
 945   4.474683326796e+03    4.519294223057e+03
 946   4.519294223057e+03    4.564350968004e+03
 947   4.564350968004e+03    4.609858017523e+03
 948   4.609858017523e+03    4.655819872032e+03
 949   4.655819872032e+03    4.702241076928e+03
 950   4.702241076928e+03    4.749126223034e+03
 951   4.749126223034e+03    4.796479947056e+03
 952   4.796479947056e+03    4.844306932039e+03
 953   4.844306932039e+03    4.892611907831e+03
 954   4.892611907831e+03    4.941399651553e+03
 955   4.941399651553e+03    4.990674988065e+03
 956   4.990674988065e+03    5.040442790453e+03
 957   5.040442790453e+03    5.090707980500e+03
 958   5.090707980500e+03    5.141475529182e+03
 959   5.141475529182e+03    5.192750457154e+03
 960   5.192750457154e+03    5.244537835249e+03
 961   5.244537835249e+03    5.296842784978e+03
 962   5.296842784978e+03    5.349670479038e+03
 963   5.349670479038e+03    5.403026141822e+03
 964   5.403026141822e+03    5.456915049938e+03
 965   5.456915049938e+03    5.511342532726e+03
 966   5.511342532726e+03    5.566313972793e+03
 967   5.566313972793e+03    5.621834806536e+03
 968   5.621834806536e+03    5.677910524688e+03
 969   5.677910524688e+03    5.734546672854e+03
 970   5.734546672854e+03    5.791748852066e+03
 971   5.791748852066e+03    5.849522719332e+03
 972   5.849522719332e+03    5.907873988196e+03
 973   5.907873988196e+03    5.966808429305e+03
 974   5.966808429305e+03    6.026331870981e+03
 975   6.026331870981e+03    6.086450199791e+03
 976   6.086450199791e+03    6.147169361137e+03
 977   6.147169361137e+03    6.208495359838e+03
 978   6.208495359838e+03    6.270434260727e+03
 979   6.270434260727e+03    6.332992189251e+03
 980   6.332992189251e+03    6.396175332074e+03
 981   6.396175332074e+03    6.459989937692e+03
 982   6.459989937692e+03    6.524442317047e+03
 983   6.524442317047e+03    6.589538844157e+03
 984   6.589538844157e+03    6.655285956741e+03
 985   6.655285956741e+03    6.721690156858e+03
 986   6.721690156858e+03    6.788758011549e+03
 987   6.788758011549e+03    6.856496153488e+03
 988   6.856496153488e+03    6.924911281637e+03
 989   6.924911281637e+03    6.994010161909e+03
 990   6.994010161909e+03    7.063799627835e+03
 991   7.063799627835e+03    7.134286581242e+03
 992   7.134286581242e+03    7.205477992937e+03
 993   7.205477992937e+03    7.277380903391e+03
 994   7.277380903391e+03    7.350002423442e+03
 995   7.350002423442e+03    7.423349734992e+03
 996   7.423349734992e+03    7.497430091722e+03
 997   7.497430091722e+03    7.572250819808e+03
 998   7.572250819808e+03    7.647819318642e+03
 999   7.647819318642e+03    7.724143061571e+03
 1000   7.724143061571e+03    7.801229596627e+03
 1001   7.801229596627e+03    7.879086547283e+03
 1002   7.879086547283e+03    7.957721613199e+03
 1003   7.957721613199e+03    8.037142570987e+03
 1004   8.037142570987e+03    8.117357274983e+03
 1005   8.117357274983e+03    8.198373658016e+03
 1006   8.198373658016e+03    8.280199732200e+03
 1007   8.280199732200e+03    8.362843589722e+03
 1008   8.362843589722e+03    8.446313403644e+03
 1009   8.446313403644e+03    8.530617428712e+03
 1010   8.530617428712e+03    8.615764002170e+03
 1011   8.615764002170e+03    8.701761544585e+03
 1012   8.701761544585e+03    8.788618560683e+03
 1013   8.788618560683e+03    8.876343640186e+03
 1014   8.876343640186e+03    8.964945458663e+03
 1015   8.964945458663e+03    9.054432778390e+03
 1016   9.054432778390e+03    9.144814449211e+03
 1017   9.144814449211e+03    9.236099409421e+03
 1018   9.236099409421e+03    9.328296686642e+03
 1019   9.328296686642e+03    9.421415398722e+03
 1020   9.421415398722e+03    9.515464754634e+03
 1021   9.515464754634e+03    9.610454055387e+03
 1022   9.610454055387e+03    9.706392694944e+03
 1023   9.706392694944e+03    9.803290161155e+03
 1024   9.803290161155e+03    9.901156036693e+03
 1025   9.901156036693e+03    1.000000000000e+04
1 
 1   0.000000000000e+00    1.000000000000e+00
1 
 1   0.000000000000e+00    1.000000000000e+00
