# ******************************************************
# PLUTO 4.4-patch4 (Jun 2026) Grid File
# Generated on  Wed Jul 15 23:46:48 2026
# 
# DIMENSIONS: 1
# GEOMETRY:   SPHERICAL
# X1: [ 11.000000,  10000.000000], 2050 point(s), 2 ghosts
# ******************************************************
2050 
 1   1.100000000000e+01    1.100500000000e+01
 2   1.100500000000e+01    1.101000000000e+01
 3   1.101000000000e+01    1.101500000000e+01
 4   1.101500000000e+01    1.102000000000e+01
 5   1.102000000000e+01    1.102500000000e+01
 6   1.102500000000e+01    1.103000000000e+01
 7   1.103000000000e+01    1.103500000000e+01
 8   1.103500000000e+01    1.104000000000e+01
 9   1.104000000000e+01    1.104500000000e+01
 10   1.104500000000e+01    1.105000000000e+01
 11   1.105000000000e+01    1.105500000000e+01
 12   1.105500000000e+01    1.106000000000e+01
 13   1.106000000000e+01    1.106500000000e+01
 14   1.106500000000e+01    1.107000000000e+01
 15   1.107000000000e+01    1.107500000000e+01
 16   1.107500000000e+01    1.108000000000e+01
 17   1.108000000000e+01    1.108500000000e+01
 18   1.108500000000e+01    1.109000000000e+01
 19   1.109000000000e+01    1.109500000000e+01
 20   1.109500000000e+01    1.110000000000e+01
 21   1.110000000000e+01    1.110500000000e+01
 22   1.110500000000e+01    1.111000000000e+01
 23   1.111000000000e+01    1.111500000000e+01
 24   1.111500000000e+01    1.112000000000e+01
 25   1.112000000000e+01    1.112500000000e+01
 26   1.112500000000e+01    1.113000000000e+01
 27   1.113000000000e+01    1.113500000000e+01
 28   1.113500000000e+01    1.114000000000e+01
 29   1.114000000000e+01    1.114500000000e+01
 30   1.114500000000e+01    1.115000000000e+01
 31   1.115000000000e+01    1.115500000000e+01
 32   1.115500000000e+01    1.116000000000e+01
 33   1.116000000000e+01    1.116500000000e+01
 34   1.116500000000e+01    1.117000000000e+01
 35   1.117000000000e+01    1.117500000000e+01
 36   1.117500000000e+01    1.118000000000e+01
 37   1.118000000000e+01    1.118500000000e+01
 38   1.118500000000e+01    1.119000000000e+01
 39   1.119000000000e+01    1.119500000000e+01
 40   1.119500000000e+01    1.120000000000e+01
 41   1.120000000000e+01    1.120500000000e+01
 42   1.120500000000e+01    1.121000000000e+01
 43   1.121000000000e+01    1.121500000000e+01
 44   1.121500000000e+01    1.122000000000e+01
 45   1.122000000000e+01    1.122500000000e+01
 46   1.122500000000e+01    1.123000000000e+01
 47   1.123000000000e+01    1.123500000000e+01
 48   1.123500000000e+01    1.124000000000e+01
 49   1.124000000000e+01    1.124500000000e+01
 50   1.124500000000e+01    1.125000000000e+01
 51   1.125000000000e+01    1.125500000000e+01
 52   1.125500000000e+01    1.126000000000e+01
 53   1.126000000000e+01    1.126500000000e+01
 54   1.126500000000e+01    1.127000000000e+01
 55   1.127000000000e+01    1.127500000000e+01
 56   1.127500000000e+01    1.128000000000e+01
 57   1.128000000000e+01    1.128500000000e+01
 58   1.128500000000e+01    1.129000000000e+01
 59   1.129000000000e+01    1.129500000000e+01
 60   1.129500000000e+01    1.130000000000e+01
 61   1.130000000000e+01    1.130500000000e+01
 62   1.130500000000e+01    1.131000000000e+01
 63   1.131000000000e+01    1.131500000000e+01
 64   1.131500000000e+01    1.132000000000e+01
 65   1.132000000000e+01    1.132500000000e+01
 66   1.132500000000e+01    1.133000000000e+01
 67   1.133000000000e+01    1.133500000000e+01
 68   1.133500000000e+01    1.134000000000e+01
 69   1.134000000000e+01    1.134500000000e+01
 70   1.134500000000e+01    1.135000000000e+01
 71   1.135000000000e+01    1.135500000000e+01
 72   1.135500000000e+01    1.136000000000e+01
 73   1.136000000000e+01    1.136500000000e+01
 74   1.136500000000e+01    1.137000000000e+01
 75   1.137000000000e+01    1.137500000000e+01
 76   1.137500000000e+01    1.138000000000e+01
 77   1.138000000000e+01    1.138500000000e+01
 78   1.138500000000e+01    1.139000000000e+01
 79   1.139000000000e+01    1.139500000000e+01
 80   1.139500000000e+01    1.140000000000e+01
 81   1.140000000000e+01    1.140500000000e+01
 82   1.140500000000e+01    1.141000000000e+01
 83   1.141000000000e+01    1.141500000000e+01
 84   1.141500000000e+01    1.142000000000e+01
 85   1.142000000000e+01    1.142500000000e+01
 86   1.142500000000e+01    1.143000000000e+01
 87   1.143000000000e+01    1.143500000000e+01
 88   1.143500000000e+01    1.144000000000e+01
 89   1.144000000000e+01    1.144500000000e+01
 90   1.144500000000e+01    1.145000000000e+01
 91   1.145000000000e+01    1.145500000000e+01
 92   1.145500000000e+01    1.146000000000e+01
 93   1.146000000000e+01    1.146500000000e+01
 94   1.146500000000e+01    1.147000000000e+01
 95   1.147000000000e+01    1.147500000000e+01
 96   1.147500000000e+01    1.148000000000e+01
 97   1.148000000000e+01    1.148500000000e+01
 98   1.148500000000e+01    1.149000000000e+01
 99   1.149000000000e+01    1.149500000000e+01
 100   1.149500000000e+01    1.150000000000e+01
 101   1.150000000000e+01    1.150500000000e+01
 102   1.150500000000e+01    1.151000000000e+01
 103   1.151000000000e+01    1.151500000000e+01
 104   1.151500000000e+01    1.152000000000e+01
 105   1.152000000000e+01    1.152500000000e+01
 106   1.152500000000e+01    1.153000000000e+01
 107   1.153000000000e+01    1.153500000000e+01
 108   1.153500000000e+01    1.154000000000e+01
 109   1.154000000000e+01    1.154500000000e+01
 110   1.154500000000e+01    1.155000000000e+01
 111   1.155000000000e+01    1.155500000000e+01
 112   1.155500000000e+01    1.156000000000e+01
 113   1.156000000000e+01    1.156500000000e+01
 114   1.156500000000e+01    1.157000000000e+01
 115   1.157000000000e+01    1.157500000000e+01
 116   1.157500000000e+01    1.158000000000e+01
 117   1.158000000000e+01    1.158500000000e+01
 118   1.158500000000e+01    1.159000000000e+01
 119   1.159000000000e+01    1.159500000000e+01
 120   1.159500000000e+01    1.160000000000e+01
 121   1.160000000000e+01    1.160500000000e+01
 122   1.160500000000e+01    1.161000000000e+01
 123   1.161000000000e+01    1.161500000000e+01
 124   1.161500000000e+01    1.162000000000e+01
 125   1.162000000000e+01    1.162500000000e+01
 126   1.162500000000e+01    1.163000000000e+01
 127   1.163000000000e+01    1.163500000000e+01
 128   1.163500000000e+01    1.164000000000e+01
 129   1.164000000000e+01    1.164500000000e+01
 130   1.164500000000e+01    1.165000000000e+01
 131   1.165000000000e+01    1.165500000000e+01
 132   1.165500000000e+01    1.166000000000e+01
 133   1.166000000000e+01    1.166500000000e+01
 134   1.166500000000e+01    1.167000000000e+01
 135   1.167000000000e+01    1.167500000000e+01
 136   1.167500000000e+01    1.168000000000e+01
 137   1.168000000000e+01    1.168500000000e+01
 138   1.168500000000e+01    1.169000000000e+01
 139   1.169000000000e+01    1.169500000000e+01
 140   1.169500000000e+01    1.170000000000e+01
 141   1.170000000000e+01    1.170500000000e+01
 142   1.170500000000e+01    1.171000000000e+01
 143   1.171000000000e+01    1.171500000000e+01
 144   1.171500000000e+01    1.172000000000e+01
 145   1.172000000000e+01    1.172500000000e+01
 146   1.172500000000e+01    1.173000000000e+01
 147   1.173000000000e+01    1.173500000000e+01
 148   1.173500000000e+01    1.174000000000e+01
 149   1.174000000000e+01    1.174500000000e+01
 150   1.174500000000e+01    1.175000000000e+01
 151   1.175000000000e+01    1.175500000000e+01
 152   1.175500000000e+01    1.176000000000e+01
 153   1.176000000000e+01    1.176500000000e+01
 154   1.176500000000e+01    1.177000000000e+01
 155   1.177000000000e+01    1.177500000000e+01
 156   1.177500000000e+01    1.178000000000e+01
 157   1.178000000000e+01    1.178500000000e+01
 158   1.178500000000e+01    1.179000000000e+01
 159   1.179000000000e+01    1.179500000000e+01
 160   1.179500000000e+01    1.180000000000e+01
 161   1.180000000000e+01    1.180500000000e+01
 162   1.180500000000e+01    1.181000000000e+01
 163   1.181000000000e+01    1.181500000000e+01
 164   1.181500000000e+01    1.182000000000e+01
 165   1.182000000000e+01    1.182500000000e+01
 166   1.182500000000e+01    1.183000000000e+01
 167   1.183000000000e+01    1.183500000000e+01
 168   1.183500000000e+01    1.184000000000e+01
 169   1.184000000000e+01    1.184500000000e+01
 170   1.184500000000e+01    1.185000000000e+01
 171   1.185000000000e+01    1.185500000000e+01
 172   1.185500000000e+01    1.186000000000e+01
 173   1.186000000000e+01    1.186500000000e+01
 174   1.186500000000e+01    1.187000000000e+01
 175   1.187000000000e+01    1.187500000000e+01
 176   1.187500000000e+01    1.188000000000e+01
 177   1.188000000000e+01    1.188500000000e+01
 178   1.188500000000e+01    1.189000000000e+01
 179   1.189000000000e+01    1.189500000000e+01
 180   1.189500000000e+01    1.190000000000e+01
 181   1.190000000000e+01    1.190500000000e+01
 182   1.190500000000e+01    1.191000000000e+01
 183   1.191000000000e+01    1.191500000000e+01
 184   1.191500000000e+01    1.192000000000e+01
 185   1.192000000000e+01    1.192500000000e+01
 186   1.192500000000e+01    1.193000000000e+01
 187   1.193000000000e+01    1.193500000000e+01
 188   1.193500000000e+01    1.194000000000e+01
 189   1.194000000000e+01    1.194500000000e+01
 190   1.194500000000e+01    1.195000000000e+01
 191   1.195000000000e+01    1.195500000000e+01
 192   1.195500000000e+01    1.196000000000e+01
 193   1.196000000000e+01    1.196500000000e+01
 194   1.196500000000e+01    1.197000000000e+01
 195   1.197000000000e+01    1.197500000000e+01
 196   1.197500000000e+01    1.198000000000e+01
 197   1.198000000000e+01    1.198500000000e+01
 198   1.198500000000e+01    1.199000000000e+01
 199   1.199000000000e+01    1.199500000000e+01
 200   1.199500000000e+01    1.200000000000e+01
 201   1.200000000000e+01    1.200502493086e+01
 202   1.200502493086e+01    1.201007491689e+01
 203   1.201007491689e+01    1.201515008302e+01
 204   1.201515008302e+01    1.202025055481e+01
 205   1.202025055481e+01    1.202537645842e+01
 206   1.202537645842e+01    1.203052792067e+01
 207   1.203052792067e+01    1.203570506900e+01
 208   1.203570506900e+01    1.204090803148e+01
 209   1.204090803148e+01    1.204613693683e+01
 210   1.204613693683e+01    1.205139191440e+01
 211   1.205139191440e+01    1.205667309419e+01
 212   1.205667309419e+01    1.206198060685e+01
 213   1.206198060685e+01    1.206731458369e+01
 214   1.206731458369e+01    1.207267515665e+01
 215   1.207267515665e+01    1.207806245836e+01
 216   1.207806245836e+01    1.208347662207e+01
 217   1.208347662207e+01    1.208891778174e+01
 218   1.208891778174e+01    1.209438607197e+01
 219   1.209438607197e+01    1.209988162803e+01
 220   1.209988162803e+01    1.210540458588e+01
 221   1.210540458588e+01    1.211095508215e+01
 222   1.211095508215e+01    1.211653325415e+01
 223   1.211653325415e+01    1.212213923988e+01
 224   1.212213923988e+01    1.212777317802e+01
 225   1.212777317802e+01    1.213343520794e+01
 226   1.213343520794e+01    1.213912546972e+01
 227   1.213912546972e+01    1.214484410412e+01
 228   1.214484410412e+01    1.215059125262e+01
 229   1.215059125262e+01    1.215636705739e+01
 230   1.215636705739e+01    1.216217166131e+01
 231   1.216217166131e+01    1.216800520800e+01
 232   1.216800520800e+01    1.217386784174e+01
 233   1.217386784174e+01    1.217975970759e+01
 234   1.217975970759e+01    1.218568095130e+01
 235   1.218568095130e+01    1.219163171935e+01
 236   1.219163171935e+01    1.219761215895e+01
 237   1.219761215895e+01    1.220362241806e+01
 238   1.220362241806e+01    1.220966264534e+01
 239   1.220966264534e+01    1.221573299025e+01
 240   1.221573299025e+01    1.222183360294e+01
 241   1.222183360294e+01    1.222796463433e+01
 242   1.222796463433e+01    1.223412623610e+01
 243   1.223412623610e+01    1.224031856068e+01
 244   1.224031856068e+01    1.224654176125e+01
 245   1.224654176125e+01    1.225279599177e+01
 246   1.225279599177e+01    1.225908140697e+01
 247   1.225908140697e+01    1.226539816232e+01
 248   1.226539816232e+01    1.227174641411e+01
 249   1.227174641411e+01    1.227812631937e+01
 250   1.227812631937e+01    1.228453803594e+01
 251   1.228453803594e+01    1.229098172242e+01
 252   1.229098172242e+01    1.229745753824e+01
 253   1.229745753824e+01    1.230396564360e+01
 254   1.230396564360e+01    1.231050619948e+01
 255   1.231050619948e+01    1.231707936771e+01
 256   1.231707936771e+01    1.232368531088e+01
 257   1.232368531088e+01    1.233032419242e+01
 258   1.233032419242e+01    1.233699617657e+01
 259   1.233699617657e+01    1.234370142838e+01
 260   1.234370142838e+01    1.235044011373e+01
 261   1.235044011373e+01    1.235721239932e+01
 262   1.235721239932e+01    1.236401845270e+01
 263   1.236401845270e+01    1.237085844223e+01
 264   1.237085844223e+01    1.237773253712e+01
 265   1.237773253712e+01    1.238464090744e+01
 266   1.238464090744e+01    1.239158372408e+01
 267   1.239158372408e+01    1.239856115879e+01
 268   1.239856115879e+01    1.240557338420e+01
 269   1.240557338420e+01    1.241262057378e+01
 270   1.241262057378e+01    1.241970290185e+01
 271   1.241970290185e+01    1.242682054363e+01
 272   1.242682054363e+01    1.243397367519e+01
 273   1.243397367519e+01    1.244116247350e+01
 274   1.244116247350e+01    1.244838711640e+01
 275   1.244838711640e+01    1.245564778261e+01
 276   1.245564778261e+01    1.246294465176e+01
 277   1.246294465176e+01    1.247027790434e+01
 278   1.247027790434e+01    1.247764772179e+01
 279   1.247764772179e+01    1.248505428642e+01
 280   1.248505428642e+01    1.249249778145e+01
 281   1.249249778145e+01    1.249997839103e+01
 282   1.249997839103e+01    1.250749630022e+01
 283   1.250749630022e+01    1.251505169499e+01
 284   1.251505169499e+01    1.252264476227e+01
 285   1.252264476227e+01    1.253027568989e+01
 286   1.253027568989e+01    1.253794466662e+01
 287   1.253794466662e+01    1.254565188219e+01
 288   1.254565188219e+01    1.255339752727e+01
 289   1.255339752727e+01    1.256118179347e+01
 290   1.256118179347e+01    1.256900487335e+01
 291   1.256900487335e+01    1.257686696047e+01
 292   1.257686696047e+01    1.258476824930e+01
 293   1.258476824930e+01    1.259270893531e+01
 294   1.259270893531e+01    1.260068921496e+01
 295   1.260068921496e+01    1.260870928565e+01
 296   1.260870928565e+01    1.261676934579e+01
 297   1.261676934579e+01    1.262486959479e+01
 298   1.262486959479e+01    1.263301023302e+01
 299   1.263301023302e+01    1.264119146187e+01
 300   1.264119146187e+01    1.264941348374e+01
 301   1.264941348374e+01    1.265767650202e+01
 302   1.265767650202e+01    1.266598072114e+01
 303   1.266598072114e+01    1.267432634652e+01
 304   1.267432634652e+01    1.268271358462e+01
 305   1.268271358462e+01    1.269114264294e+01
 306   1.269114264294e+01    1.269961373000e+01
 307   1.269961373000e+01    1.270812705535e+01
 308   1.270812705535e+01    1.271668282961e+01
 309   1.271668282961e+01    1.272528126443e+01
 310   1.272528126443e+01    1.273392257253e+01
 311   1.273392257253e+01    1.274260696768e+01
 312   1.274260696768e+01    1.275133466472e+01
 313   1.275133466472e+01    1.276010587956e+01
 314   1.276010587956e+01    1.276892082918e+01
 315   1.276892082918e+01    1.277777973166e+01
 316   1.277777973166e+01    1.278668280616e+01
 317   1.278668280616e+01    1.279563027291e+01
 318   1.279563027291e+01    1.280462235328e+01
 319   1.280462235328e+01    1.281365926970e+01
 320   1.281365926970e+01    1.282274124575e+01
 321   1.282274124575e+01    1.283186850609e+01
 322   1.283186850609e+01    1.284104127653e+01
 323   1.284104127653e+01    1.285025978397e+01
 324   1.285025978397e+01    1.285952425649e+01
 325   1.285952425649e+01    1.286883492325e+01
 326   1.286883492325e+01    1.287819201461e+01
 327   1.287819201461e+01    1.288759576203e+01
 328   1.288759576203e+01    1.289704639815e+01
 329   1.289704639815e+01    1.290654415678e+01
 330   1.290654415678e+01    1.291608927286e+01
 331   1.291608927286e+01    1.292568198254e+01
 332   1.292568198254e+01    1.293532252311e+01
 333   1.293532252311e+01    1.294501113309e+01
 334   1.294501113309e+01    1.295474805214e+01
 335   1.295474805214e+01    1.296453352114e+01
 336   1.296453352114e+01    1.297436778218e+01
 337   1.297436778218e+01    1.298425107853e+01
 338   1.298425107853e+01    1.299418365470e+01
 339   1.299418365470e+01    1.300416575641e+01
 340   1.300416575641e+01    1.301419763060e+01
 341   1.301419763060e+01    1.302427952543e+01
 342   1.302427952543e+01    1.303441169033e+01
 343   1.303441169033e+01    1.304459437595e+01
 344   1.304459437595e+01    1.305482783419e+01
 345   1.305482783419e+01    1.306511231822e+01
 346   1.306511231822e+01    1.307544808245e+01
 347   1.307544808245e+01    1.308583538258e+01
 348   1.308583538258e+01    1.309627447558e+01
 349   1.309627447558e+01    1.310676561970e+01
 350   1.310676561970e+01    1.311730907446e+01
 351   1.311730907446e+01    1.312790510071e+01
 352   1.312790510071e+01    1.313855396056e+01
 353   1.313855396056e+01    1.314925591747e+01
 354   1.314925591747e+01    1.316001123617e+01
 355   1.316001123617e+01    1.317082018274e+01
 356   1.317082018274e+01    1.318168302459e+01
 357   1.318168302459e+01    1.319260003043e+01
 358   1.319260003043e+01    1.320357147034e+01
 359   1.320357147034e+01    1.321459761574e+01
 360   1.321459761574e+01    1.322567873940e+01
 361   1.322567873940e+01    1.323681511545e+01
 362   1.323681511545e+01    1.324800701939e+01
 363   1.324800701939e+01    1.325925472809e+01
 364   1.325925472809e+01    1.327055851980e+01
 365   1.327055851980e+01    1.328191867416e+01
 366   1.328191867416e+01    1.329333547221e+01
 367   1.329333547221e+01    1.330480919637e+01
 368   1.330480919637e+01    1.331634013050e+01
 369   1.331634013050e+01    1.332792855986e+01
 370   1.332792855986e+01    1.333957477111e+01
 371   1.333957477111e+01    1.335127905238e+01
 372   1.335127905238e+01    1.336304169322e+01
 373   1.336304169322e+01    1.337486298460e+01
 374   1.337486298460e+01    1.338674321898e+01
 375   1.338674321898e+01    1.339868269025e+01
 376   1.339868269025e+01    1.341068169378e+01
 377   1.341068169378e+01    1.342274052641e+01
 378   1.342274052641e+01    1.343485948645e+01
 379   1.343485948645e+01    1.344703887372e+01
 380   1.344703887372e+01    1.345927898950e+01
 381   1.345927898950e+01    1.347158013661e+01
 382   1.347158013661e+01    1.348394261936e+01
 383   1.348394261936e+01    1.349636674357e+01
 384   1.349636674357e+01    1.350885281661e+01
 385   1.350885281661e+01    1.352140114736e+01
 386   1.352140114736e+01    1.353401204624e+01
 387   1.353401204624e+01    1.354668582523e+01
 388   1.354668582523e+01    1.355942279787e+01
 389   1.355942279787e+01    1.357222327925e+01
 390   1.357222327925e+01    1.358508758603e+01
 391   1.358508758603e+01    1.359801603646e+01
 392   1.359801603646e+01    1.361100895037e+01
 393   1.361100895037e+01    1.362406664919e+01
 394   1.362406664919e+01    1.363718945594e+01
 395   1.363718945594e+01    1.365037769526e+01
 396   1.365037769526e+01    1.366363169341e+01
 397   1.366363169341e+01    1.367695177828e+01
 398   1.367695177828e+01    1.369033827939e+01
 399   1.369033827939e+01    1.370379152789e+01
 400   1.370379152789e+01    1.371731185661e+01
 401   1.371731185661e+01    1.373089960002e+01
 402   1.373089960002e+01    1.374455509425e+01
 403   1.374455509425e+01    1.375827867713e+01
 404   1.375827867713e+01    1.377207068815e+01
 405   1.377207068815e+01    1.378593146852e+01
 406   1.378593146852e+01    1.379986136112e+01
 407   1.379986136112e+01    1.381386071056e+01
 408   1.381386071056e+01    1.382792986317e+01
 409   1.382792986317e+01    1.384206916700e+01
 410   1.384206916700e+01    1.385627897183e+01
 411   1.385627897183e+01    1.387055962920e+01
 412   1.387055962920e+01    1.388491149238e+01
 413   1.388491149238e+01    1.389933491642e+01
 414   1.389933491642e+01    1.391383025813e+01
 415   1.391383025813e+01    1.392839787612e+01
 416   1.392839787612e+01    1.394303813075e+01
 417   1.394303813075e+01    1.395775138422e+01
 418   1.395775138422e+01    1.397253800050e+01
 419   1.397253800050e+01    1.398739834539e+01
 420   1.398739834539e+01    1.400233278652e+01
 421   1.400233278652e+01    1.401734169335e+01
 422   1.401734169335e+01    1.403242543717e+01
 423   1.403242543717e+01    1.404758439113e+01
 424   1.404758439113e+01    1.406281893025e+01
 425   1.406281893025e+01    1.407812943140e+01
 426   1.407812943140e+01    1.409351627334e+01
 427   1.409351627334e+01    1.410897983673e+01
 428   1.410897983673e+01    1.412452050411e+01
 429   1.412452050411e+01    1.414013865993e+01
 430   1.414013865993e+01    1.415583469056e+01
 431   1.415583469056e+01    1.417160898431e+01
 432   1.417160898431e+01    1.418746193140e+01
 433   1.418746193140e+01    1.420339392401e+01
 434   1.420339392401e+01    1.421940535628e+01
 435   1.421940535628e+01    1.423549662430e+01
 436   1.423549662430e+01    1.425166812616e+01
 437   1.425166812616e+01    1.426792026191e+01
 438   1.426792026191e+01    1.428425343361e+01
 439   1.428425343361e+01    1.430066804532e+01
 440   1.430066804532e+01    1.431716450310e+01
 441   1.431716450310e+01    1.433374321506e+01
 442   1.433374321506e+01    1.435040459134e+01
 443   1.435040459134e+01    1.436714904410e+01
 444   1.436714904410e+01    1.438397698759e+01
 445   1.438397698759e+01    1.440088883810e+01
 446   1.440088883810e+01    1.441788501401e+01
 447   1.441788501401e+01    1.443496593577e+01
 448   1.443496593577e+01    1.445213202596e+01
 449   1.445213202596e+01    1.446938370922e+01
 450   1.446938370922e+01    1.448672141235e+01
 451   1.448672141235e+01    1.450414556425e+01
 452   1.450414556425e+01    1.452165659597e+01
 453   1.452165659597e+01    1.453925494071e+01
 454   1.453925494071e+01    1.455694103383e+01
 455   1.455694103383e+01    1.457471531285e+01
 456   1.457471531285e+01    1.459257821748e+01
 457   1.459257821748e+01    1.461053018963e+01
 458   1.461053018963e+01    1.462857167341e+01
 459   1.462857167341e+01    1.464670311513e+01
 460   1.464670311513e+01    1.466492496334e+01
 461   1.466492496334e+01    1.468323766882e+01
 462   1.468323766882e+01    1.470164168461e+01
 463   1.470164168461e+01    1.472013746598e+01
 464   1.472013746598e+01    1.473872547051e+01
 465   1.473872547051e+01    1.475740615802e+01
 466   1.475740615802e+01    1.477617999066e+01
 467   1.477617999066e+01    1.479504743286e+01
 468   1.479504743286e+01    1.481400895137e+01
 469   1.481400895137e+01    1.483306501528e+01
 470   1.483306501528e+01    1.485221609601e+01
 471   1.485221609601e+01    1.487146266732e+01
 472   1.487146266732e+01    1.489080520535e+01
 473   1.489080520535e+01    1.491024418860e+01
 474   1.491024418860e+01    1.492978009797e+01
 475   1.492978009797e+01    1.494941341675e+01
 476   1.494941341675e+01    1.496914463063e+01
 477   1.496914463063e+01    1.498897422774e+01
 478   1.498897422774e+01    1.500890269864e+01
 479   1.500890269864e+01    1.502893053633e+01
 480   1.502893053633e+01    1.504905823626e+01
 481   1.504905823626e+01    1.506928629636e+01
 482   1.506928629636e+01    1.508961521706e+01
 483   1.508961521706e+01    1.511004550126e+01
 484   1.511004550126e+01    1.513057765437e+01
 485   1.513057765437e+01    1.515121218432e+01
 486   1.515121218432e+01    1.517194960160e+01
 487   1.517194960160e+01    1.519279041921e+01
 488   1.519279041921e+01    1.521373515273e+01
 489   1.521373515273e+01    1.523478432029e+01
 490   1.523478432029e+01    1.525593844262e+01
 491   1.525593844262e+01    1.527719804305e+01
 492   1.527719804305e+01    1.529856364751e+01
 493   1.529856364751e+01    1.532003578455e+01
 494   1.532003578455e+01    1.534161498536e+01
 495   1.534161498536e+01    1.536330178378e+01
 496   1.536330178378e+01    1.538509671631e+01
 497   1.538509671631e+01    1.540700032213e+01
 498   1.540700032213e+01    1.542901314309e+01
 499   1.542901314309e+01    1.545113572377e+01
 500   1.545113572377e+01    1.547336861145e+01
 501   1.547336861145e+01    1.549571235613e+01
 502   1.549571235613e+01    1.551816751057e+01
 503   1.551816751057e+01    1.554073463027e+01
 504   1.554073463027e+01    1.556341427352e+01
 505   1.556341427352e+01    1.558620700137e+01
 506   1.558620700137e+01    1.560911337769e+01
 507   1.560911337769e+01    1.563213396914e+01
 508   1.563213396914e+01    1.565526934523e+01
 509   1.565526934523e+01    1.567852007828e+01
 510   1.567852007828e+01    1.570188674349e+01
 511   1.570188674349e+01    1.572536991892e+01
 512   1.572536991892e+01    1.574897018550e+01
 513   1.574897018550e+01    1.577268812707e+01
 514   1.577268812707e+01    1.579652433038e+01
 515   1.579652433038e+01    1.582047938511e+01
 516   1.582047938511e+01    1.584455388386e+01
 517   1.584455388386e+01    1.586874842220e+01
 518   1.586874842220e+01    1.589306359868e+01
 519   1.589306359868e+01    1.591750001482e+01
 520   1.591750001482e+01    1.594205827513e+01
 521   1.594205827513e+01    1.596673898716e+01
 522   1.596673898716e+01    1.599154276147e+01
 523   1.599154276147e+01    1.601647021166e+01
 524   1.601647021166e+01    1.604152195441e+01
 525   1.604152195441e+01    1.606669860947e+01
 526   1.606669860947e+01    1.609200079966e+01
 527   1.609200079966e+01    1.611742915092e+01
 528   1.611742915092e+01    1.614298429232e+01
 529   1.614298429232e+01    1.616866685606e+01
 530   1.616866685606e+01    1.619447747748e+01
 531   1.619447747748e+01    1.622041679510e+01
 532   1.622041679510e+01    1.624648545063e+01
 533   1.624648545063e+01    1.627268408896e+01
 534   1.627268408896e+01    1.629901335821e+01
 535   1.629901335821e+01    1.632547390973e+01
 536   1.632547390973e+01    1.635206639811e+01
 537   1.635206639811e+01    1.637879148122e+01
 538   1.637879148122e+01    1.640564982020e+01
 539   1.640564982020e+01    1.643264207947e+01
 540   1.643264207947e+01    1.645976892680e+01
 541   1.645976892680e+01    1.648703103325e+01
 542   1.648703103325e+01    1.651442907327e+01
 543   1.651442907327e+01    1.654196372462e+01
 544   1.654196372462e+01    1.656963566849e+01
 545   1.656963566849e+01    1.659744558944e+01
 546   1.659744558944e+01    1.662539417544e+01
 547   1.662539417544e+01    1.665348211789e+01
 548   1.665348211789e+01    1.668171011167e+01
 549   1.668171011167e+01    1.671007885508e+01
 550   1.671007885508e+01    1.673858904993e+01
 551   1.673858904993e+01    1.676724140152e+01
 552   1.676724140152e+01    1.679603661866e+01
 553   1.679603661866e+01    1.682497541372e+01
 554   1.682497541372e+01    1.685405850259e+01
 555   1.685405850259e+01    1.688328660475e+01
 556   1.688328660475e+01    1.691266044325e+01
 557   1.691266044325e+01    1.694218074477e+01
 558   1.694218074477e+01    1.697184823960e+01
 559   1.697184823960e+01    1.700166366166e+01
 560   1.700166366166e+01    1.703162774855e+01
 561   1.703162774855e+01    1.706174124154e+01
 562   1.706174124154e+01    1.709200488558e+01
 563   1.709200488558e+01    1.712241942937e+01
 564   1.712241942937e+01    1.715298562530e+01
 565   1.715298562530e+01    1.718370422955e+01
 566   1.718370422955e+01    1.721457600205e+01
 567   1.721457600205e+01    1.724560170652e+01
 568   1.724560170652e+01    1.727678211050e+01
 569   1.727678211050e+01    1.730811798533e+01
 570   1.730811798533e+01    1.733961010624e+01
 571   1.733961010624e+01    1.737125925227e+01
 572   1.737125925227e+01    1.740306620640e+01
 573   1.740306620640e+01    1.743503175548e+01
 574   1.743503175548e+01    1.746715669029e+01
 575   1.746715669029e+01    1.749944180555e+01
 576   1.749944180555e+01    1.753188789996e+01
 577   1.753188789996e+01    1.756449577618e+01
 578   1.756449577618e+01    1.759726624088e+01
 579   1.759726624088e+01    1.763020010476e+01
 580   1.763020010476e+01    1.766329818255e+01
 581   1.766329818255e+01    1.769656129306e+01
 582   1.769656129306e+01    1.772999025916e+01
 583   1.772999025916e+01    1.776358590785e+01
 584   1.776358590785e+01    1.779734907022e+01
 585   1.779734907022e+01    1.783128058153e+01
 586   1.783128058153e+01    1.786538128119e+01
 587   1.786538128119e+01    1.789965201282e+01
 588   1.789965201282e+01    1.793409362421e+01
 589   1.793409362421e+01    1.796870696741e+01
 590   1.796870696741e+01    1.800349289869e+01
 591   1.800349289869e+01    1.803845227862e+01
 592   1.803845227862e+01    1.807358597203e+01
 593   1.807358597203e+01    1.810889484809e+01
 594   1.810889484809e+01    1.814437978028e+01
 595   1.814437978028e+01    1.818004164645e+01
 596   1.818004164645e+01    1.821588132882e+01
 597   1.821588132882e+01    1.825189971402e+01
 598   1.825189971402e+01    1.828809769309e+01
 599   1.828809769309e+01    1.832447616151e+01
 600   1.832447616151e+01    1.836103601924e+01
 601   1.836103601924e+01    1.839777817072e+01
 602   1.839777817072e+01    1.843470352488e+01
 603   1.843470352488e+01    1.847181299522e+01
 604   1.847181299522e+01    1.850910749977e+01
 605   1.850910749977e+01    1.854658796113e+01
 606   1.854658796113e+01    1.858425530653e+01
 607   1.858425530653e+01    1.862211046780e+01
 608   1.862211046780e+01    1.866015438142e+01
 609   1.866015438142e+01    1.869838798854e+01
 610   1.869838798854e+01    1.873681223500e+01
 611   1.873681223500e+01    1.877542807138e+01
 612   1.877542807138e+01    1.881423645296e+01
 613   1.881423645296e+01    1.885323833981e+01
 614   1.885323833981e+01    1.889243469679e+01
 615   1.889243469679e+01    1.893182649354e+01
 616   1.893182649354e+01    1.897141470458e+01
 617   1.897141470458e+01    1.901120030926e+01
 618   1.901120030926e+01    1.905118429180e+01
 619   1.905118429180e+01    1.909136764137e+01
 620   1.909136764137e+01    1.913175135203e+01
 621   1.913175135203e+01    1.917233642283e+01
 622   1.917233642283e+01    1.921312385778e+01
 623   1.921312385778e+01    1.925411466590e+01
 624   1.925411466590e+01    1.929530986125e+01
 625   1.929530986125e+01    1.933671046293e+01
 626   1.933671046293e+01    1.937831749513e+01
 627   1.937831749513e+01    1.942013198717e+01
 628   1.942013198717e+01    1.946215497346e+01
 629   1.946215497346e+01    1.950438749359e+01
 630   1.950438749359e+01    1.954683059234e+01
 631   1.954683059234e+01    1.958948531968e+01
 632   1.958948531968e+01    1.963235273084e+01
 633   1.963235273084e+01    1.967543388629e+01
 634   1.967543388629e+01    1.971872985179e+01
 635   1.971872985179e+01    1.976224169844e+01
 636   1.976224169844e+01    1.980597050264e+01
 637   1.980597050264e+01    1.984991734619e+01
 638   1.984991734619e+01    1.989408331626e+01
 639   1.989408331626e+01    1.993846950546e+01
 640   1.993846950546e+01    1.998307701185e+01
 641   1.998307701185e+01    2.002790693894e+01
 642   2.002790693894e+01    2.007296039576e+01
 643   2.007296039576e+01    2.011823849688e+01
 644   2.011823849688e+01    2.016374236240e+01
 645   2.016374236240e+01    2.020947311803e+01
 646   2.020947311803e+01    2.025543189507e+01
 647   2.025543189507e+01    2.030161983050e+01
 648   2.030161983050e+01    2.034803806691e+01
 649   2.034803806691e+01    2.039468775265e+01
 650   2.039468775265e+01    2.044157004175e+01
 651   2.044157004175e+01    2.048868609402e+01
 652   2.048868609402e+01    2.053603707503e+01
 653   2.053603707503e+01    2.058362415618e+01
 654   2.058362415618e+01    2.063144851471e+01
 655   2.063144851471e+01    2.067951133373e+01
 656   2.067951133373e+01    2.072781380224e+01
 657   2.072781380224e+01    2.077635711517e+01
 658   2.077635711517e+01    2.082514247341e+01
 659   2.082514247341e+01    2.087417108385e+01
 660   2.087417108385e+01    2.092344415938e+01
 661   2.092344415938e+01    2.097296291895e+01
 662   2.097296291895e+01    2.102272858757e+01
 663   2.102272858757e+01    2.107274239639e+01
 664   2.107274239639e+01    2.112300558267e+01
 665   2.112300558267e+01    2.117351938985e+01
 666   2.117351938985e+01    2.122428506756e+01
 667   2.122428506756e+01    2.127530387168e+01
 668   2.127530387168e+01    2.132657706435e+01
 669   2.132657706435e+01    2.137810591398e+01
 670   2.137810591398e+01    2.142989169532e+01
 671   2.142989169532e+01    2.148193568948e+01
 672   2.148193568948e+01    2.153423918396e+01
 673   2.153423918396e+01    2.158680347267e+01
 674   2.158680347267e+01    2.163962985596e+01
 675   2.163962985596e+01    2.169271964070e+01
 676   2.169271964070e+01    2.174607414024e+01
 677   2.174607414024e+01    2.179969467451e+01
 678   2.179969467451e+01    2.185358256999e+01
 679   2.185358256999e+01    2.190773915979e+01
 680   2.190773915979e+01    2.196216578367e+01
 681   2.196216578367e+01    2.201686378806e+01
 682   2.201686378806e+01    2.207183452613e+01
 683   2.207183452613e+01    2.212707935775e+01
 684   2.212707935775e+01    2.218259964962e+01
 685   2.218259964962e+01    2.223839677522e+01
 686   2.223839677522e+01    2.229447211489e+01
 687   2.229447211489e+01    2.235082705586e+01
 688   2.235082705586e+01    2.240746299226e+01
 689   2.240746299226e+01    2.246438132520e+01
 690   2.246438132520e+01    2.252158346274e+01
 691   2.252158346274e+01    2.257907081998e+01
 692   2.257907081998e+01    2.263684481909e+01
 693   2.263684481909e+01    2.269490688930e+01
 694   2.269490688930e+01    2.275325846699e+01
 695   2.275325846699e+01    2.281190099568e+01
 696   2.281190099568e+01    2.287083592613e+01
 697   2.287083592613e+01    2.293006471628e+01
 698   2.293006471628e+01    2.298958883137e+01
 699   2.298958883137e+01    2.304940974395e+01
 700   2.304940974395e+01    2.310952893389e+01
 701   2.310952893389e+01    2.316994788847e+01
 702   2.316994788847e+01    2.323066810236e+01
 703   2.323066810236e+01    2.329169107768e+01
 704   2.329169107768e+01    2.335301832406e+01
 705   2.335301832406e+01    2.341465135866e+01
 706   2.341465135866e+01    2.347659170617e+01
 707   2.347659170617e+01    2.353884089891e+01
 708   2.353884089891e+01    2.360140047685e+01
 709   2.360140047685e+01    2.366427198762e+01
 710   2.366427198762e+01    2.372745698655e+01
 711   2.372745698655e+01    2.379095703677e+01
 712   2.379095703677e+01    2.385477370918e+01
 713   2.385477370918e+01    2.391890858249e+01
 714   2.391890858249e+01    2.398336324333e+01
 715   2.398336324333e+01    2.404813928620e+01
 716   2.404813928620e+01    2.411323831357e+01
 717   2.411323831357e+01    2.417866193590e+01
 718   2.417866193590e+01    2.424441177167e+01
 719   2.424441177167e+01    2.431048944744e+01
 720   2.431048944744e+01    2.437689659787e+01
 721   2.437689659787e+01    2.444363486579e+01
 722   2.444363486579e+01    2.451070590221e+01
 723   2.451070590221e+01    2.457811136635e+01
 724   2.457811136635e+01    2.464585292575e+01
 725   2.464585292575e+01    2.471393225622e+01
 726   2.471393225622e+01    2.478235104195e+01
 727   2.478235104195e+01    2.485111097553e+01
 728   2.485111097553e+01    2.492021375797e+01
 729   2.492021375797e+01    2.498966109878e+01
 730   2.498966109878e+01    2.505945471598e+01
 731   2.505945471598e+01    2.512959633618e+01
 732   2.512959633618e+01    2.520008769457e+01
 733   2.520008769457e+01    2.527093053501e+01
 734   2.527093053501e+01    2.534212661004e+01
 735   2.534212661004e+01    2.541367768096e+01
 736   2.541367768096e+01    2.548558551784e+01
 737   2.548558551784e+01    2.555785189957e+01
 738   2.555785189957e+01    2.563047861392e+01
 739   2.563047861392e+01    2.570346745757e+01
 740   2.570346745757e+01    2.577682023616e+01
 741   2.577682023616e+01    2.585053876433e+01
 742   2.585053876433e+01    2.592462486577e+01
 743   2.592462486577e+01    2.599908037327e+01
 744   2.599908037327e+01    2.607390712875e+01
 745   2.607390712875e+01    2.614910698331e+01
 746   2.614910698331e+01    2.622468179729e+01
 747   2.622468179729e+01    2.630063344030e+01
 748   2.630063344030e+01    2.637696379128e+01
 749   2.637696379128e+01    2.645367473853e+01
 750   2.645367473853e+01    2.653076817976e+01
 751   2.653076817976e+01    2.660824602217e+01
 752   2.660824602217e+01    2.668611018243e+01
 753   2.668611018243e+01    2.676436258681e+01
 754   2.676436258681e+01    2.684300517114e+01
 755   2.684300517114e+01    2.692203988093e+01
 756   2.692203988093e+01    2.700146867140e+01
 757   2.700146867140e+01    2.708129350748e+01
 758   2.708129350748e+01    2.716151636394e+01
 759   2.716151636394e+01    2.724213922538e+01
 760   2.724213922538e+01    2.732316408628e+01
 761   2.732316408628e+01    2.740459295108e+01
 762   2.740459295108e+01    2.748642783422e+01
 763   2.748642783422e+01    2.756867076018e+01
 764   2.756867076018e+01    2.765132376352e+01
 765   2.765132376352e+01    2.773438888896e+01
 766   2.773438888896e+01    2.781786819142e+01
 767   2.781786819142e+01    2.790176373606e+01
 768   2.790176373606e+01    2.798607759832e+01
 769   2.798607759832e+01    2.807081186401e+01
 770   2.807081186401e+01    2.815596862933e+01
 771   2.815596862933e+01    2.824155000095e+01
 772   2.824155000095e+01    2.832755809602e+01
 773   2.832755809602e+01    2.841399504226e+01
 774   2.841399504226e+01    2.850086297799e+01
 775   2.850086297799e+01    2.858816405220e+01
 776   2.858816405220e+01    2.867590042460e+01
 777   2.867590042460e+01    2.876407426565e+01
 778   2.876407426565e+01    2.885268775666e+01
 779   2.885268775666e+01    2.894174308978e+01
 780   2.894174308978e+01    2.903124246812e+01
 781   2.903124246812e+01    2.912118810578e+01
 782   2.912118810578e+01    2.921158222786e+01
 783   2.921158222786e+01    2.930242707060e+01
 784   2.930242707060e+01    2.939372488137e+01
 785   2.939372488137e+01    2.948547791873e+01
 786   2.948547791873e+01    2.957768845253e+01
 787   2.957768845253e+01    2.967035876393e+01
 788   2.967035876393e+01    2.976349114546e+01
 789   2.976349114546e+01    2.985708790107e+01
 790   2.985708790107e+01    2.995115134621e+01
 791   2.995115134621e+01    3.004568380789e+01
 792   3.004568380789e+01    3.014068762469e+01
 793   3.014068762469e+01    3.023616514688e+01
 794   3.023616514688e+01    3.033211873643e+01
 795   3.033211873643e+01    3.042855076710e+01
 796   3.042855076710e+01    3.052546362447e+01
 797   3.052546362447e+01    3.062285970603e+01
 798   3.062285970603e+01    3.072074142122e+01
 799   3.072074142122e+01    3.081911119149e+01
 800   3.081911119149e+01    3.091797145037e+01
 801   3.091797145037e+01    3.101732464352e+01
 802   3.101732464352e+01    3.111717322879e+01
 803   3.111717322879e+01    3.121751967630e+01
 804   3.121751967630e+01    3.131836646847e+01
 805   3.131836646847e+01    3.141971610011e+01
 806   3.141971610011e+01    3.152157107845e+01
 807   3.152157107845e+01    3.162393392326e+01
 808   3.162393392326e+01    3.172680716682e+01
 809   3.172680716682e+01    3.183019335409e+01
 810   3.183019335409e+01    3.193409504269e+01
 811   3.193409504269e+01    3.203851480299e+01
 812   3.203851480299e+01    3.214345521819e+01
 813   3.214345521819e+01    3.224891888437e+01
 814   3.224891888437e+01    3.235490841054e+01
 815   3.235490841054e+01    3.246142641873e+01
 816   3.246142641873e+01    3.256847554405e+01
 817   3.256847554405e+01    3.267605843474e+01
 818   3.267605843474e+01    3.278417775224e+01
 819   3.278417775224e+01    3.289283617127e+01
 820   3.289283617127e+01    3.300203637988e+01
 821   3.300203637988e+01    3.311178107953e+01
 822   3.311178107953e+01    3.322207298514e+01
 823   3.322207298514e+01    3.333291482518e+01
 824   3.333291482518e+01    3.344430934172e+01
 825   3.344430934172e+01    3.355625929049e+01
 826   3.355625929049e+01    3.366876744098e+01
 827   3.366876744098e+01    3.378183657647e+01
 828   3.378183657647e+01    3.389546949414e+01
 829   3.389546949414e+01    3.400966900510e+01
 830   3.400966900510e+01    3.412443793448e+01
 831   3.412443793448e+01    3.423977912149e+01
 832   3.423977912149e+01    3.435569541952e+01
 833   3.435569541952e+01    3.447218969617e+01
 834   3.447218969617e+01    3.458926483334e+01
 835   3.458926483334e+01    3.470692372729e+01
 836   3.470692372729e+01    3.482516928874e+01
 837   3.482516928874e+01    3.494400444292e+01
 838   3.494400444292e+01    3.506343212963e+01
 839   3.506343212963e+01    3.518345530334e+01
 840   3.518345530334e+01    3.530407693327e+01
 841   3.530407693327e+01    3.542530000340e+01
 842   3.542530000340e+01    3.554712751263e+01
 843   3.554712751263e+01    3.566956247479e+01
 844   3.566956247479e+01    3.579260791875e+01
 845   3.579260791875e+01    3.591626688848e+01
 846   3.591626688848e+01    3.604054244311e+01
 847   3.604054244311e+01    3.616543765706e+01
 848   3.616543765706e+01    3.629095562004e+01
 849   3.629095562004e+01    3.641709943719e+01
 850   3.641709943719e+01    3.654387222913e+01
 851   3.654387222913e+01    3.667127713204e+01
 852   3.667127713204e+01    3.679931729772e+01
 853   3.679931729772e+01    3.692799589371e+01
 854   3.692799589371e+01    3.705731610333e+01
 855   3.705731610333e+01    3.718728112578e+01
 856   3.718728112578e+01    3.731789417620e+01
 857   3.731789417620e+01    3.744915848577e+01
 858   3.744915848577e+01    3.758107730179e+01
 859   3.758107730179e+01    3.771365388774e+01
 860   3.771365388774e+01    3.784689152336e+01
 861   3.784689152336e+01    3.798079350478e+01
 862   3.798079350478e+01    3.811536314452e+01
 863   3.811536314452e+01    3.825060377165e+01
 864   3.825060377165e+01    3.838651873183e+01
 865   3.838651873183e+01    3.852311138740e+01
 866   3.852311138740e+01    3.866038511746e+01
 867   3.866038511746e+01    3.879834331798e+01
 868   3.879834331798e+01    3.893698940183e+01
 869   3.893698940183e+01    3.907632679892e+01
 870   3.907632679892e+01    3.921635895625e+01
 871   3.921635895625e+01    3.935708933804e+01
 872   3.935708933804e+01    3.949852142573e+01
 873   3.949852142573e+01    3.964065871815e+01
 874   3.964065871815e+01    3.978350473159e+01
 875   3.978350473159e+01    3.992706299983e+01
 876   3.992706299983e+01    4.007133707432e+01
 877   4.007133707432e+01    4.021633052418e+01
 878   4.021633052418e+01    4.036204693634e+01
 879   4.036204693634e+01    4.050848991561e+01
 880   4.050848991561e+01    4.065566308479e+01
 881   4.065566308479e+01    4.080357008472e+01
 882   4.080357008472e+01    4.095221457442e+01
 883   4.095221457442e+01    4.110160023113e+01
 884   4.110160023113e+01    4.125173075045e+01
 885   4.125173075045e+01    4.140260984637e+01
 886   4.140260984637e+01    4.155424125144e+01
 887   4.155424125144e+01    4.170662871680e+01
 888   4.170662871680e+01    4.185977601230e+01
 889   4.185977601230e+01    4.201368692657e+01
 890   4.201368692657e+01    4.216836526716e+01
 891   4.216836526716e+01    4.232381486058e+01
 892   4.232381486058e+01    4.248003955243e+01
 893   4.248003955243e+01    4.263704320749e+01
 894   4.263704320749e+01    4.279482970980e+01
 895   4.279482970980e+01    4.295340296278e+01
 896   4.295340296278e+01    4.311276688929e+01
 897   4.311276688929e+01    4.327292543177e+01
 898   4.327292543177e+01    4.343388255232e+01
 899   4.343388255232e+01    4.359564223277e+01
 900   4.359564223277e+01    4.375820847484e+01
 901   4.375820847484e+01    4.392158530018e+01
 902   4.392158530018e+01    4.408577675049e+01
 903   4.408577675049e+01    4.425078688764e+01
 904   4.425078688764e+01    4.441661979374e+01
 905   4.441661979374e+01    4.458327957126e+01
 906   4.458327957126e+01    4.475077034312e+01
 907   4.475077034312e+01    4.491909625279e+01
 908   4.491909625279e+01    4.508826146443e+01
 909   4.508826146443e+01    4.525827016294e+01
 910   4.525827016294e+01    4.542912655408e+01
 911   4.542912655408e+01    4.560083486460e+01
 912   4.560083486460e+01    4.577339934232e+01
 913   4.577339934232e+01    4.594682425623e+01
 914   4.594682425623e+01    4.612111389661e+01
 915   4.612111389661e+01    4.629627257514e+01
 916   4.629627257514e+01    4.647230462500e+01
 917   4.647230462500e+01    4.664921440096e+01
 918   4.664921440096e+01    4.682700627952e+01
 919   4.682700627952e+01    4.700568465899e+01
 920   4.700568465899e+01    4.718525395962e+01
 921   4.718525395962e+01    4.736571862369e+01
 922   4.736571862369e+01    4.754708311565e+01
 923   4.754708311565e+01    4.772935192218e+01
 924   4.772935192218e+01    4.791252955236e+01
 925   4.791252955236e+01    4.809662053774e+01
 926   4.809662053774e+01    4.828162943246e+01
 927   4.828162943246e+01    4.846756081337e+01
 928   4.846756081337e+01    4.865441928016e+01
 929   4.865441928016e+01    4.884220945544e+01
 930   4.884220945544e+01    4.903093598485e+01
 931   4.903093598485e+01    4.922060353723e+01
 932   4.922060353723e+01    4.941121680467e+01
 933   4.941121680467e+01    4.960278050268e+01
 934   4.960278050268e+01    4.979529937026e+01
 935   4.979529937026e+01    4.998877817006e+01
 936   4.998877817006e+01    5.018322168846e+01
 937   5.018322168846e+01    5.037863473572e+01
 938   5.037863473572e+01    5.057502214606e+01
 939   5.057502214606e+01    5.077238877785e+01
 940   5.077238877785e+01    5.097073951363e+01
 941   5.097073951363e+01    5.117007926033e+01
 942   5.117007926033e+01    5.137041294932e+01
 943   5.137041294932e+01    5.157174553658e+01
 944   5.157174553658e+01    5.177408200277e+01
 945   5.177408200277e+01    5.197742735341e+01
 946   5.197742735341e+01    5.218178661897e+01
 947   5.218178661897e+01    5.238716485502e+01
 948   5.238716485502e+01    5.259356714230e+01
 949   5.259356714230e+01    5.280099858692e+01
 950   5.280099858692e+01    5.300946432042e+01
 951   5.300946432042e+01    5.321896949997e+01
 952   5.321896949997e+01    5.342951930840e+01
 953   5.342951930840e+01    5.364111895442e+01
 954   5.364111895442e+01    5.385377367271e+01
 955   5.385377367271e+01    5.406748872402e+01
 956   5.406748872402e+01    5.428226939538e+01
 957   5.428226939538e+01    5.449812100013e+01
 958   5.449812100013e+01    5.471504887814e+01
 959   5.471504887814e+01    5.493305839590e+01
 960   5.493305839590e+01    5.515215494664e+01
 961   5.515215494664e+01    5.537234395050e+01
 962   5.537234395050e+01    5.559363085463e+01
 963   5.559363085463e+01    5.581602113337e+01
 964   5.581602113337e+01    5.603952028831e+01
 965   5.603952028831e+01    5.626413384852e+01
 966   5.626413384852e+01    5.648986737061e+01
 967   5.648986737061e+01    5.671672643889e+01
 968   5.671672643889e+01    5.694471666554e+01
 969   5.694471666554e+01    5.717384369071e+01
 970   5.717384369071e+01    5.740411318268e+01
 971   5.740411318268e+01    5.763553083796e+01
 972   5.763553083796e+01    5.786810238152e+01
 973   5.786810238152e+01    5.810183356682e+01
 974   5.810183356682e+01    5.833673017605e+01
 975   5.833673017605e+01    5.857279802022e+01
 976   5.857279802022e+01    5.881004293929e+01
 977   5.881004293929e+01    5.904847080236e+01
 978   5.904847080236e+01    5.928808750781e+01
 979   5.928808750781e+01    5.952889898340e+01
 980   5.952889898340e+01    5.977091118646e+01
 981   5.977091118646e+01    6.001413010403e+01
 982   6.001413010403e+01    6.025856175299e+01
 983   6.025856175299e+01    6.050421218023e+01
 984   6.050421218023e+01    6.075108746278e+01
 985   6.075108746278e+01    6.099919370799e+01
 986   6.099919370799e+01    6.124853705366e+01
 987   6.124853705366e+01    6.149912366816e+01
 988   6.149912366816e+01    6.175095975067e+01
 989   6.175095975067e+01    6.200405153123e+01
 990   6.200405153123e+01    6.225840527098e+01
 991   6.225840527098e+01    6.251402726226e+01
 992   6.251402726226e+01    6.277092382880e+01
 993   6.277092382880e+01    6.302910132584e+01
 994   6.302910132584e+01    6.328856614032e+01
 995   6.328856614032e+01    6.354932469104e+01
 996   6.354932469104e+01    6.381138342877e+01
 997   6.381138342877e+01    6.407474883649e+01
 998   6.407474883649e+01    6.433942742946e+01
 999   6.433942742946e+01    6.460542575546e+01
 1000   6.460542575546e+01    6.487275039491e+01
 1001   6.487275039491e+01    6.514140796103e+01
 1002   6.514140796103e+01    6.541140510002e+01
 1003   6.541140510002e+01    6.568274849122e+01
 1004   6.568274849122e+01    6.595544484728e+01
 1005   6.595544484728e+01    6.622950091432e+01
 1006   6.622950091432e+01    6.650492347208e+01
 1007   6.650492347208e+01    6.678171933414e+01
 1008   6.678171933414e+01    6.705989534800e+01
 1009   6.705989534800e+01    6.733945839536e+01
 1010   6.733945839536e+01    6.762041539220e+01
 1011   6.762041539220e+01    6.790277328899e+01
 1012   6.790277328899e+01    6.818653907086e+01
 1013   6.818653907086e+01    6.847171975777e+01
 1014   6.847171975777e+01    6.875832240468e+01
 1015   6.875832240468e+01    6.904635410172e+01
 1016   6.904635410172e+01    6.933582197438e+01
 1017   6.933582197438e+01    6.962673318369e+01
 1018   6.962673318369e+01    6.991909492637e+01
 1019   6.991909492637e+01    7.021291443502e+01
 1020   7.021291443502e+01    7.050819897833e+01
 1021   7.050819897833e+01    7.080495586119e+01
 1022   7.080495586119e+01    7.110319242497e+01
 1023   7.110319242497e+01    7.140291604759e+01
 1024   7.140291604759e+01    7.170413414378e+01
 1025   7.170413414378e+01    7.200685416526e+01
 1026   7.200685416526e+01    7.231108360088e+01
 1027   7.231108360088e+01    7.261682997683e+01
 1028   7.261682997683e+01    7.292410085685e+01
 1029   7.292410085685e+01    7.323290384237e+01
 1030   7.323290384237e+01    7.354324657274e+01
 1031   7.354324657274e+01    7.385513672538e+01
 1032   7.385513672538e+01    7.416858201602e+01
 1033   7.416858201602e+01    7.448359019883e+01
 1034   7.448359019883e+01    7.480016906667e+01
 1035   7.480016906667e+01    7.511832645124e+01
 1036   7.511832645124e+01    7.543807022330e+01
 1037   7.543807022330e+01    7.575940829285e+01
 1038   7.575940829285e+01    7.608234860933e+01
 1039   7.608234860933e+01    7.640689916182e+01
 1040   7.640689916182e+01    7.673306797924e+01
 1041   7.673306797924e+01    7.706086313053e+01
 1042   7.706086313053e+01    7.739029272487e+01
 1043   7.739029272487e+01    7.772136491188e+01
 1044   7.772136491188e+01    7.805408788180e+01
 1045   7.805408788180e+01    7.838846986573e+01
 1046   7.838846986573e+01    7.872451913580e+01
 1047   7.872451913580e+01    7.906224400537e+01
 1048   7.906224400537e+01    7.940165282928e+01
 1049   7.940165282928e+01    7.974275400402e+01
 1050   7.974275400402e+01    8.008555596793e+01
 1051   8.008555596793e+01    8.043006720144e+01
 1052   8.043006720144e+01    8.077629622728e+01
 1053   8.077629622728e+01    8.112425161063e+01
 1054   8.112425161063e+01    8.147394195943e+01
 1055   8.147394195943e+01    8.182537592450e+01
 1056   8.182537592450e+01    8.217856219982e+01
 1057   8.217856219982e+01    8.253350952271e+01
 1058   8.253350952271e+01    8.289022667405e+01
 1059   8.289022667405e+01    8.324872247851e+01
 1060   8.324872247851e+01    8.360900580477e+01
 1061   8.360900580477e+01    8.397108556572e+01
 1062   8.397108556572e+01    8.433497071869e+01
 1063   8.433497071869e+01    8.470067026566e+01
 1064   8.470067026566e+01    8.506819325354e+01
 1065   8.506819325354e+01    8.543754877429e+01
 1066   8.543754877429e+01    8.580874596526e+01
 1067   8.580874596526e+01    8.618179400932e+01
 1068   8.618179400932e+01    8.655670213515e+01
 1069   8.655670213515e+01    8.693347961743e+01
 1070   8.693347961743e+01    8.731213577710e+01
 1071   8.731213577710e+01    8.769267998156e+01
 1072   8.769267998156e+01    8.807512164494e+01
 1073   8.807512164494e+01    8.845947022828e+01
 1074   8.845947022828e+01    8.884573523983e+01
 1075   8.884573523983e+01    8.923392623522e+01
 1076   8.923392623522e+01    8.962405281773e+01
 1077   8.962405281773e+01    9.001612463854e+01
 1078   9.001612463854e+01    9.041015139695e+01
 1079   9.041015139695e+01    9.080614284060e+01
 1080   9.080614284060e+01    9.120410876576e+01
 1081   9.120410876576e+01    9.160405901753e+01
 1082   9.160405901753e+01    9.200600349011e+01
 1083   9.200600349011e+01    9.240995212701e+01
 1084   9.240995212701e+01    9.281591492136e+01
 1085   9.281591492136e+01    9.322390191609e+01
 1086   9.322390191609e+01    9.363392320420e+01
 1087   9.363392320420e+01    9.404598892904e+01
 1088   9.404598892904e+01    9.446010928452e+01
 1089   9.446010928452e+01    9.487629451538e+01
 1090   9.487629451538e+01    9.529455491745e+01
 1091   9.529455491745e+01    9.571490083788e+01
 1092   9.571490083788e+01    9.613734267543e+01
 1093   9.613734267543e+01    9.656189088071e+01
 1094   9.656189088071e+01    9.698855595642e+01
 1095   9.698855595642e+01    9.741734845765e+01
 1096   9.741734845765e+01    9.784827899210e+01
 1097   9.784827899210e+01    9.828135822038e+01
 1098   9.828135822038e+01    9.871659685624e+01
 1099   9.871659685624e+01    9.915400566687e+01
 1100   9.915400566687e+01    9.959359547313e+01
 1101   9.959359547313e+01    1.000353771498e+02
 1102   1.000353771498e+02    1.004793616260e+02
 1103   1.004793616260e+02    1.009255598852e+02
 1104   1.009255598852e+02    1.013739829658e+02
 1105   1.013739829658e+02    1.018246419610e+02
 1106   1.018246419610e+02    1.022775480196e+02
 1107   1.022775480196e+02    1.027327123457e+02
 1108   1.027327123457e+02    1.031901461995e+02
 1109   1.031901461995e+02    1.036498608973e+02
 1110   1.036498608973e+02    1.041118678116e+02
 1111   1.041118678116e+02    1.045761783720e+02
 1112   1.045761783720e+02    1.050428040648e+02
 1113   1.050428040648e+02    1.055117564336e+02
 1114   1.055117564336e+02    1.059830470796e+02
 1115   1.059830470796e+02    1.064566876619e+02
 1116   1.064566876619e+02    1.069326898977e+02
 1117   1.069326898977e+02    1.074110655626e+02
 1118   1.074110655626e+02    1.078918264909e+02
 1119   1.078918264909e+02    1.083749845760e+02
 1120   1.083749845760e+02    1.088605517704e+02
 1121   1.088605517704e+02    1.093485400865e+02
 1122   1.093485400865e+02    1.098389615963e+02
 1123   1.098389615963e+02    1.103318284322e+02
 1124   1.103318284322e+02    1.108271527870e+02
 1125   1.108271527870e+02    1.113249469142e+02
 1126   1.113249469142e+02    1.118252231287e+02
 1127   1.118252231287e+02    1.123279938065e+02
 1128   1.123279938065e+02    1.128332713855e+02
 1129   1.128332713855e+02    1.133410683654e+02
 1130   1.133410683654e+02    1.138513973085e+02
 1131   1.138513973085e+02    1.143642708396e+02
 1132   1.143642708396e+02    1.148797016464e+02
 1133   1.148797016464e+02    1.153977024799e+02
 1134   1.153977024799e+02    1.159182861547e+02
 1135   1.159182861547e+02    1.164414655494e+02
 1136   1.164414655494e+02    1.169672536066e+02
 1137   1.169672536066e+02    1.174956633335e+02
 1138   1.174956633335e+02    1.180267078023e+02
 1139   1.180267078023e+02    1.185604001503e+02
 1140   1.185604001503e+02    1.190967535801e+02
 1141   1.190967535801e+02    1.196357813605e+02
 1142   1.196357813605e+02    1.201774968262e+02
 1143   1.201774968262e+02    1.207219133785e+02
 1144   1.207219133785e+02    1.212690444854e+02
 1145   1.212690444854e+02    1.218189036822e+02
 1146   1.218189036822e+02    1.223715045716e+02
 1147   1.223715045716e+02    1.229268608242e+02
 1148   1.229268608242e+02    1.234849861786e+02
 1149   1.234849861786e+02    1.240458944422e+02
 1150   1.240458944422e+02    1.246095994909e+02
 1151   1.246095994909e+02    1.251761152700e+02
 1152   1.251761152700e+02    1.257454557943e+02
 1153   1.257454557943e+02    1.263176351485e+02
 1154   1.263176351485e+02    1.268926674875e+02
 1155   1.268926674875e+02    1.274705670366e+02
 1156   1.274705670366e+02    1.280513480924e+02
 1157   1.280513480924e+02    1.286350250225e+02
 1158   1.286350250225e+02    1.292216122663e+02
 1159   1.292216122663e+02    1.298111243351e+02
 1160   1.298111243351e+02    1.304035758125e+02
 1161   1.304035758125e+02    1.309989813549e+02
 1162   1.309989813549e+02    1.315973556919e+02
 1163   1.315973556919e+02    1.321987136264e+02
 1164   1.321987136264e+02    1.328030700350e+02
 1165   1.328030700350e+02    1.334104398687e+02
 1166   1.334104398687e+02    1.340208381530e+02
 1167   1.340208381530e+02    1.346342799882e+02
 1168   1.346342799882e+02    1.352507805500e+02
 1169   1.352507805500e+02    1.358703550897e+02
 1170   1.358703550897e+02    1.364930189347e+02
 1171   1.364930189347e+02    1.371187874888e+02
 1172   1.371187874888e+02    1.377476762327e+02
 1173   1.377476762327e+02    1.383797007241e+02
 1174   1.383797007241e+02    1.390148765984e+02
 1175   1.390148765984e+02    1.396532195690e+02
 1176   1.396532195690e+02    1.402947454275e+02
 1177   1.402947454275e+02    1.409394700444e+02
 1178   1.409394700444e+02    1.415874093692e+02
 1179   1.415874093692e+02    1.422385794310e+02
 1180   1.422385794310e+02    1.428929963389e+02
 1181   1.428929963389e+02    1.435506762821e+02
 1182   1.435506762821e+02    1.442116355307e+02
 1183   1.442116355307e+02    1.448758904359e+02
 1184   1.448758904359e+02    1.455434574304e+02
 1185   1.455434574304e+02    1.462143530289e+02
 1186   1.462143530289e+02    1.468885938283e+02
 1187   1.468885938283e+02    1.475661965084e+02
 1188   1.475661965084e+02    1.482471778321e+02
 1189   1.482471778321e+02    1.489315546459e+02
 1190   1.489315546459e+02    1.496193438803e+02
 1191   1.496193438803e+02    1.503105625503e+02
 1192   1.503105625503e+02    1.510052277555e+02
 1193   1.510052277555e+02    1.517033566810e+02
 1194   1.517033566810e+02    1.524049665976e+02
 1195   1.524049665976e+02    1.531100748619e+02
 1196   1.531100748619e+02    1.538186989175e+02
 1197   1.538186989175e+02    1.545308562945e+02
 1198   1.545308562945e+02    1.552465646109e+02
 1199   1.552465646109e+02    1.559658415721e+02
 1200   1.559658415721e+02    1.566887049720e+02
 1201   1.566887049720e+02    1.574151726933e+02
 1202   1.574151726933e+02    1.581452627078e+02
 1203   1.581452627078e+02    1.588789930767e+02
 1204   1.588789930767e+02    1.596163819515e+02
 1205   1.596163819515e+02    1.603574475743e+02
 1206   1.603574475743e+02    1.611022082777e+02
 1207   1.611022082777e+02    1.618506824863e+02
 1208   1.618506824863e+02    1.626028887161e+02
 1209   1.626028887161e+02    1.633588455756e+02
 1210   1.633588455756e+02    1.641185717662e+02
 1211   1.641185717662e+02    1.648820860824e+02
 1212   1.648820860824e+02    1.656494074124e+02
 1213   1.656494074124e+02    1.664205547386e+02
 1214   1.664205547386e+02    1.671955471381e+02
 1215   1.671955471381e+02    1.679744037832e+02
 1216   1.679744037832e+02    1.687571439415e+02
 1217   1.687571439415e+02    1.695437869771e+02
 1218   1.695437869771e+02    1.703343523502e+02
 1219   1.703343523502e+02    1.711288596184e+02
 1220   1.711288596184e+02    1.719273284365e+02
 1221   1.719273284365e+02    1.727297785577e+02
 1222   1.727297785577e+02    1.735362298333e+02
 1223   1.735362298333e+02    1.743467022138e+02
 1224   1.743467022138e+02    1.751612157491e+02
 1225   1.751612157491e+02    1.759797905891e+02
 1226   1.759797905891e+02    1.768024469842e+02
 1227   1.768024469842e+02    1.776292052856e+02
 1228   1.776292052856e+02    1.784600859463e+02
 1229   1.784600859463e+02    1.792951095210e+02
 1230   1.792951095210e+02    1.801342966670e+02
 1231   1.801342966670e+02    1.809776681445e+02
 1232   1.809776681445e+02    1.818252448174e+02
 1233   1.818252448174e+02    1.826770476535e+02
 1234   1.826770476535e+02    1.835330977252e+02
 1235   1.835330977252e+02    1.843934162099e+02
 1236   1.843934162099e+02    1.852580243907e+02
 1237   1.852580243907e+02    1.861269436567e+02
 1238   1.861269436567e+02    1.870001955037e+02
 1239   1.870001955037e+02    1.878778015348e+02
 1240   1.878778015348e+02    1.887597834606e+02
 1241   1.887597834606e+02    1.896461631002e+02
 1242   1.896461631002e+02    1.905369623812e+02
 1243   1.905369623812e+02    1.914322033407e+02
 1244   1.914322033407e+02    1.923319081258e+02
 1245   1.923319081258e+02    1.932360989939e+02
 1246   1.932360989939e+02    1.941447983132e+02
 1247   1.941447983132e+02    1.950580285638e+02
 1248   1.950580285638e+02    1.959758123377e+02
 1249   1.959758123377e+02    1.968981723394e+02
 1250   1.968981723394e+02    1.978251313868e+02
 1251   1.978251313868e+02    1.987567124117e+02
 1252   1.987567124117e+02    1.996929384599e+02
 1253   1.996929384599e+02    2.006338326923e+02
 1254   2.006338326923e+02    2.015794183854e+02
 1255   2.015794183854e+02    2.025297189315e+02
 1256   2.025297189315e+02    2.034847578397e+02
 1257   2.034847578397e+02    2.044445587364e+02
 1258   2.044445587364e+02    2.054091453655e+02
 1259   2.054091453655e+02    2.063785415896e+02
 1260   2.063785415896e+02    2.073527713901e+02
 1261   2.073527713901e+02    2.083318588682e+02
 1262   2.083318588682e+02    2.093158282449e+02
 1263   2.093158282449e+02    2.103047038624e+02
 1264   2.103047038624e+02    2.112985101839e+02
 1265   2.112985101839e+02    2.122972717948e+02
 1266   2.122972717948e+02    2.133010134030e+02
 1267   2.133010134030e+02    2.143097598397e+02
 1268   2.143097598397e+02    2.153235360598e+02
 1269   2.153235360598e+02    2.163423671426e+02
 1270   2.163423671426e+02    2.173662782926e+02
 1271   2.173662782926e+02    2.183952948398e+02
 1272   2.183952948398e+02    2.194294422407e+02
 1273   2.194294422407e+02    2.204687460785e+02
 1274   2.204687460785e+02    2.215132320642e+02
 1275   2.215132320642e+02    2.225629260368e+02
 1276   2.225629260368e+02    2.236178539643e+02
 1277   2.236178539643e+02    2.246780419440e+02
 1278   2.246780419440e+02    2.257435162035e+02
 1279   2.257435162035e+02    2.268143031011e+02
 1280   2.268143031011e+02    2.278904291264e+02
 1281   2.278904291264e+02    2.289719209014e+02
 1282   2.289719209014e+02    2.300588051805e+02
 1283   2.300588051805e+02    2.311511088518e+02
 1284   2.311511088518e+02    2.322488589372e+02
 1285   2.322488589372e+02    2.333520825935e+02
 1286   2.333520825935e+02    2.344608071128e+02
 1287   2.344608071128e+02    2.355750599235e+02
 1288   2.355750599235e+02    2.366948685905e+02
 1289   2.366948685905e+02    2.378202608163e+02
 1290   2.378202608163e+02    2.389512644414e+02
 1291   2.389512644414e+02    2.400879074454e+02
 1292   2.400879074454e+02    2.412302179470e+02
 1293   2.412302179470e+02    2.423782242054e+02
 1294   2.423782242054e+02    2.435319546206e+02
 1295   2.435319546206e+02    2.446914377343e+02
 1296   2.446914377343e+02    2.458567022304e+02
 1297   2.458567022304e+02    2.470277769359e+02
 1298   2.470277769359e+02    2.482046908215e+02
 1299   2.482046908215e+02    2.493874730023e+02
 1300   2.493874730023e+02    2.505761527386e+02
 1301   2.505761527386e+02    2.517707594368e+02
 1302   2.517707594368e+02    2.529713226495e+02
 1303   2.529713226495e+02    2.541778720772e+02
 1304   2.541778720772e+02    2.553904375680e+02
 1305   2.553904375680e+02    2.566090491190e+02
 1306   2.566090491190e+02    2.578337368770e+02
 1307   2.578337368770e+02    2.590645311391e+02
 1308   2.590645311391e+02    2.603014623531e+02
 1309   2.603014623531e+02    2.615445611192e+02
 1310   2.615445611192e+02    2.627938581897e+02
 1311   2.627938581897e+02    2.640493844704e+02
 1312   2.640493844704e+02    2.653111710213e+02
 1313   2.653111710213e+02    2.665792490572e+02
 1314   2.665792490572e+02    2.678536499484e+02
 1315   2.678536499484e+02    2.691344052219e+02
 1316   2.691344052219e+02    2.704215465616e+02
 1317   2.704215465616e+02    2.717151058097e+02
 1318   2.717151058097e+02    2.730151149668e+02
 1319   2.730151149668e+02    2.743216061933e+02
 1320   2.743216061933e+02    2.756346118101e+02
 1321   2.756346118101e+02    2.769541642988e+02
 1322   2.769541642988e+02    2.782802963035e+02
 1323   2.782802963035e+02    2.796130406306e+02
 1324   2.796130406306e+02    2.809524302503e+02
 1325   2.809524302503e+02    2.822984982972e+02
 1326   2.822984982972e+02    2.836512780712e+02
 1327   2.836512780712e+02    2.850108030379e+02
 1328   2.850108030379e+02    2.863771068302e+02
 1329   2.863771068302e+02    2.877502232484e+02
 1330   2.877502232484e+02    2.891301862615e+02
 1331   2.891301862615e+02    2.905170300077e+02
 1332   2.905170300077e+02    2.919107887955e+02
 1333   2.919107887955e+02    2.933114971046e+02
 1334   2.933114971046e+02    2.947191895864e+02
 1335   2.947191895864e+02    2.961339010653e+02
 1336   2.961339010653e+02    2.975556665391e+02
 1337   2.975556665391e+02    2.989845211804e+02
 1338   2.989845211804e+02    3.004205003368e+02
 1339   3.004205003368e+02    3.018636395326e+02
 1340   3.018636395326e+02    3.033139744687e+02
 1341   3.033139744687e+02    3.047715410246e+02
 1342   3.047715410246e+02    3.062363752582e+02
 1343   3.062363752582e+02    3.077085134075e+02
 1344   3.077085134075e+02    3.091879918910e+02
 1345   3.091879918910e+02    3.106748473089e+02
 1346   3.106748473089e+02    3.121691164438e+02
 1347   3.121691164438e+02    3.136708362619e+02
 1348   3.136708362619e+02    3.151800439136e+02
 1349   3.151800439136e+02    3.166967767344e+02
 1350   3.166967767344e+02    3.182210722461e+02
 1351   3.182210722461e+02    3.197529681576e+02
 1352   3.197529681576e+02    3.212925023659e+02
 1353   3.212925023659e+02    3.228397129568e+02
 1354   3.228397129568e+02    3.243946382060e+02
 1355   3.243946382060e+02    3.259573165802e+02
 1356   3.259573165802e+02    3.275277867377e+02
 1357   3.275277867377e+02    3.291060875298e+02
 1358   3.291060875298e+02    3.306922580014e+02
 1359   3.306922580014e+02    3.322863373920e+02
 1360   3.322863373920e+02    3.338883651368e+02
 1361   3.338883651368e+02    3.354983808677e+02
 1362   3.354983808677e+02    3.371164244143e+02
 1363   3.371164244143e+02    3.387425358045e+02
 1364   3.387425358045e+02    3.403767552660e+02
 1365   3.403767552660e+02    3.420191232271e+02
 1366   3.420191232271e+02    3.436696803176e+02
 1367   3.436696803176e+02    3.453284673698e+02
 1368   3.453284673698e+02    3.469955254199e+02
 1369   3.469955254199e+02    3.486708957083e+02
 1370   3.486708957083e+02    3.503546196814e+02
 1371   3.503546196814e+02    3.520467389921e+02
 1372   3.520467389921e+02    3.537472955010e+02
 1373   3.537472955010e+02    3.554563312774e+02
 1374   3.554563312774e+02    3.571738886003e+02
 1375   3.571738886003e+02    3.589000099598e+02
 1376   3.589000099598e+02    3.606347380574e+02
 1377   3.606347380574e+02    3.623781158080e+02
 1378   3.623781158080e+02    3.641301863402e+02
 1379   3.641301863402e+02    3.658909929976e+02
 1380   3.658909929976e+02    3.676605793402e+02
 1381   3.676605793402e+02    3.694389891449e+02
 1382   3.694389891449e+02    3.712262664070e+02
 1383   3.712262664070e+02    3.730224553412e+02
 1384   3.730224553412e+02    3.748276003827e+02
 1385   3.748276003827e+02    3.766417461881e+02
 1386   3.766417461881e+02    3.784649376367e+02
 1387   3.784649376367e+02    3.802972198318e+02
 1388   3.802972198318e+02    3.821386381013e+02
 1389   3.821386381013e+02    3.839892379993e+02
 1390   3.839892379993e+02    3.858490653070e+02
 1391   3.858490653070e+02    3.877181660338e+02
 1392   3.877181660338e+02    3.895965864186e+02
 1393   3.895965864186e+02    3.914843729307e+02
 1394   3.914843729307e+02    3.933815722714e+02
 1395   3.933815722714e+02    3.952882313746e+02
 1396   3.952882313746e+02    3.972043974083e+02
 1397   3.972043974083e+02    3.991301177757e+02
 1398   3.991301177757e+02    4.010654401164e+02
 1399   4.010654401164e+02    4.030104123074e+02
 1400   4.030104123074e+02    4.049650824645e+02
 1401   4.049650824645e+02    4.069294989436e+02
 1402   4.069294989436e+02    4.089037103414e+02
 1403   4.089037103414e+02    4.108877654971e+02
 1404   4.108877654971e+02    4.128817134933e+02
 1405   4.128817134933e+02    4.148856036575e+02
 1406   4.148856036575e+02    4.168994855630e+02
 1407   4.168994855630e+02    4.189234090303e+02
 1408   4.189234090303e+02    4.209574241285e+02
 1409   4.209574241285e+02    4.230015811761e+02
 1410   4.230015811761e+02    4.250559307426e+02
 1411   4.250559307426e+02    4.271205236497e+02
 1412   4.271205236497e+02    4.291954109725e+02
 1413   4.291954109725e+02    4.312806440406e+02
 1414   4.312806440406e+02    4.333762744398e+02
 1415   4.333762744398e+02    4.354823540129e+02
 1416   4.354823540129e+02    4.375989348613e+02
 1417   4.375989348613e+02    4.397260693462e+02
 1418   4.397260693462e+02    4.418638100898e+02
 1419   4.418638100898e+02    4.440122099767e+02
 1420   4.440122099767e+02    4.461713221553e+02
 1421   4.461713221553e+02    4.483412000389e+02
 1422   4.483412000389e+02    4.505218973072e+02
 1423   4.505218973072e+02    4.527134679075e+02
 1424   4.527134679075e+02    4.549159660560e+02
 1425   4.549159660560e+02    4.571294462394e+02
 1426   4.571294462394e+02    4.593539632161e+02
 1427   4.593539632161e+02    4.615895720174e+02
 1428   4.615895720174e+02    4.638363279490e+02
 1429   4.638363279490e+02    4.660942865924e+02
 1430   4.660942865924e+02    4.683635038064e+02
 1431   4.683635038064e+02    4.706440357280e+02
 1432   4.706440357280e+02    4.729359387743e+02
 1433   4.729359387743e+02    4.752392696438e+02
 1434   4.752392696438e+02    4.775540853175e+02
 1435   4.775540853175e+02    4.798804430606e+02
 1436   4.798804430606e+02    4.822184004239e+02
 1437   4.822184004239e+02    4.845680152451e+02
 1438   4.845680152451e+02    4.869293456503e+02
 1439   4.869293456503e+02    4.893024500553e+02
 1440   4.893024500553e+02    4.916873871675e+02
 1441   4.916873871675e+02    4.940842159866e+02
 1442   4.940842159866e+02    4.964929958068e+02
 1443   4.964929958068e+02    4.989137862179e+02
 1444   4.989137862179e+02    5.013466471067e+02
 1445   5.013466471067e+02    5.037916386587e+02
 1446   5.037916386587e+02    5.062488213594e+02
 1447   5.062488213594e+02    5.087182559961e+02
 1448   5.087182559961e+02    5.112000036590e+02
 1449   5.112000036590e+02    5.136941257430e+02
 1450   5.136941257430e+02    5.162006839490e+02
 1451   5.162006839490e+02    5.187197402857e+02
 1452   5.187197402857e+02    5.212513570710e+02
 1453   5.212513570710e+02    5.237955969334e+02
 1454   5.237955969334e+02    5.263525228137e+02
 1455   5.263525228137e+02    5.289221979666e+02
 1456   5.289221979666e+02    5.315046859621e+02
 1457   5.315046859621e+02    5.341000506874e+02
 1458   5.341000506874e+02    5.367083563480e+02
 1459   5.367083563480e+02    5.393296674696e+02
 1460   5.393296674696e+02    5.419640488997e+02
 1461   5.419640488997e+02    5.446115658091e+02
 1462   5.446115658091e+02    5.472722836936e+02
 1463   5.472722836936e+02    5.499462683755e+02
 1464   5.499462683755e+02    5.526335860053e+02
 1465   5.526335860053e+02    5.553343030634e+02
 1466   5.553343030634e+02    5.580484863617e+02
 1467   5.580484863617e+02    5.607762030452e+02
 1468   5.607762030452e+02    5.635175205936e+02
 1469   5.635175205936e+02    5.662725068232e+02
 1470   5.662725068232e+02    5.690412298884e+02
 1471   5.690412298884e+02    5.718237582834e+02
 1472   5.718237582834e+02    5.746201608440e+02
 1473   5.746201608440e+02    5.774305067492e+02
 1474   5.774305067492e+02    5.802548655228e+02
 1475   5.802548655228e+02    5.830933070355e+02
 1476   5.830933070355e+02    5.859459015062e+02
 1477   5.859459015062e+02    5.888127195039e+02
 1478   5.888127195039e+02    5.916938319498e+02
 1479   5.916938319498e+02    5.945893101182e+02
 1480   5.945893101182e+02    5.974992256392e+02
 1481   5.974992256392e+02    6.004236505000e+02
 1482   6.004236505000e+02    6.033626570465e+02
 1483   6.033626570465e+02    6.063163179856e+02
 1484   6.063163179856e+02    6.092847063866e+02
 1485   6.092847063866e+02    6.122678956832e+02
 1486   6.122678956832e+02    6.152659596751e+02
 1487   6.152659596751e+02    6.182789725302e+02
 1488   6.182789725302e+02    6.213070087861e+02
 1489   6.213070087861e+02    6.243501433520e+02
 1490   6.243501433520e+02    6.274084515107e+02
 1491   6.274084515107e+02    6.304820089204e+02
 1492   6.304820089204e+02    6.335708916164e+02
 1493   6.335708916164e+02    6.366751760133e+02
 1494   6.366751760133e+02    6.397949389066e+02
 1495   6.397949389066e+02    6.429302574747e+02
 1496   6.429302574747e+02    6.460812092809e+02
 1497   6.460812092809e+02    6.492478722752e+02
 1498   6.492478722752e+02    6.524303247964e+02
 1499   6.524303247964e+02    6.556286455736e+02
 1500   6.556286455736e+02    6.588429137289e+02
 1501   6.588429137289e+02    6.620732087784e+02
 1502   6.620732087784e+02    6.653196106352e+02
 1503   6.653196106352e+02    6.685821996105e+02
 1504   6.685821996105e+02    6.718610564161e+02
 1505   6.718610564161e+02    6.751562621661e+02
 1506   6.751562621661e+02    6.784678983792e+02
 1507   6.784678983792e+02    6.817960469806e+02
 1508   6.817960469806e+02    6.851407903039e+02
 1509   6.851407903039e+02    6.885022110931e+02
 1510   6.885022110931e+02    6.918803925051e+02
 1511   6.918803925051e+02    6.952754181111e+02
 1512   6.952754181111e+02    6.986873718992e+02
 1513   6.986873718992e+02    7.021163382762e+02
 1514   7.021163382762e+02    7.055624020699e+02
 1515   7.055624020699e+02    7.090256485309e+02
 1516   7.090256485309e+02    7.125061633349e+02
 1517   7.125061633349e+02    7.160040325849e+02
 1518   7.160040325849e+02    7.195193428131e+02
 1519   7.195193428131e+02    7.230521809832e+02
 1520   7.230521809832e+02    7.266026344927e+02
 1521   7.266026344927e+02    7.301707911745e+02
 1522   7.301707911745e+02    7.337567392997e+02
 1523   7.337567392997e+02    7.373605675797e+02
 1524   7.373605675797e+02    7.409823651678e+02
 1525   7.409823651678e+02    7.446222216621e+02
 1526   7.446222216621e+02    7.482802271076e+02
 1527   7.482802271076e+02    7.519564719979e+02
 1528   7.519564719979e+02    7.556510472780e+02
 1529   7.556510472780e+02    7.593640443465e+02
 1530   7.593640443465e+02    7.630955550576e+02
 1531   7.630955550576e+02    7.668456717234e+02
 1532   7.668456717234e+02    7.706144871165e+02
 1533   7.706144871165e+02    7.744020944719e+02
 1534   7.744020944719e+02    7.782085874896e+02
 1535   7.782085874896e+02    7.820340603368e+02
 1536   7.820340603368e+02    7.858786076501e+02
 1537   7.858786076501e+02    7.897423245382e+02
 1538   7.897423245382e+02    7.936253065838e+02
 1539   7.936253065838e+02    7.975276498463e+02
 1540   7.975276498463e+02    8.014494508640e+02
 1541   8.014494508640e+02    8.053908066568e+02
 1542   8.053908066568e+02    8.093518147280e+02
 1543   8.093518147280e+02    8.133325730673e+02
 1544   8.133325730673e+02    8.173331801530e+02
 1545   8.173331801530e+02    8.213537349543e+02
 1546   8.213537349543e+02    8.253943369340e+02
 1547   8.253943369340e+02    8.294550860507e+02
 1548   8.294550860507e+02    8.335360827615e+02
 1549   8.335360827615e+02    8.376374280245e+02
 1550   8.376374280245e+02    8.417592233010e+02
 1551   8.417592233010e+02    8.459015705582e+02
 1552   8.459015705582e+02    8.500645722720e+02
 1553   8.500645722720e+02    8.542483314289e+02
 1554   8.542483314289e+02    8.584529515293e+02
 1555   8.584529515293e+02    8.626785365892e+02
 1556   8.626785365892e+02    8.669251911437e+02
 1557   8.669251911437e+02    8.711930202488e+02
 1558   8.711930202488e+02    8.754821294846e+02
 1559   8.754821294846e+02    8.797926249573e+02
 1560   8.797926249573e+02    8.841246133025e+02
 1561   8.841246133025e+02    8.884782016873e+02
 1562   8.884782016873e+02    8.928534978132e+02
 1563   8.928534978132e+02    8.972506099188e+02
 1564   8.972506099188e+02    9.016696467823e+02
 1565   9.016696467823e+02    9.061107177244e+02
 1566   9.061107177244e+02    9.105739326106e+02
 1567   9.105739326106e+02    9.150594018546e+02
 1568   9.150594018546e+02    9.195672364204e+02
 1569   9.195672364204e+02    9.240975478254e+02
 1570   9.240975478254e+02    9.286504481428e+02
 1571   9.286504481428e+02    9.332260500051e+02
 1572   9.332260500051e+02    9.378244666058e+02
 1573   9.378244666058e+02    9.424458117034e+02
 1574   9.424458117034e+02    9.470901996231e+02
 1575   9.470901996231e+02    9.517577452606e+02
 1576   9.517577452606e+02    9.564485640840e+02
 1577   9.564485640840e+02    9.611627721376e+02
 1578   9.611627721376e+02    9.659004860441e+02
 1579   9.659004860441e+02    9.706618230078e+02
 1580   9.706618230078e+02    9.754469008171e+02
 1581   9.754469008171e+02    9.802558378482e+02
 1582   9.802558378482e+02    9.850887530671e+02
 1583   9.850887530671e+02    9.899457660332e+02
 1584   9.899457660332e+02    9.948269969021e+02
 1585   9.948269969021e+02    9.997325664285e+02
 1586   9.997325664285e+02    1.004662595969e+03
 1587   1.004662595969e+03    1.009617207485e+03
 1588   1.009617207485e+03    1.014596523548e+03
 1589   1.014596523548e+03    1.019600667337e+03
 1590   1.019600667337e+03    1.024629762649e+03
 1591   1.024629762649e+03    1.029683933896e+03
 1592   1.029683933896e+03    1.034763306110e+03
 1593   1.034763306110e+03    1.039868004949e+03
 1594   1.039868004949e+03    1.044998156695e+03
 1595   1.044998156695e+03    1.050153888261e+03
 1596   1.050153888261e+03    1.055335327192e+03
 1597   1.055335327192e+03    1.060542601669e+03
 1598   1.060542601669e+03    1.065775840513e+03
 1599   1.065775840513e+03    1.071035173187e+03
 1600   1.071035173187e+03    1.076320729800e+03
 1601   1.076320729800e+03    1.081632641107e+03
 1602   1.081632641107e+03    1.086971038518e+03
 1603   1.086971038518e+03    1.092336054098e+03
 1604   1.092336054098e+03    1.097727820569e+03
 1605   1.097727820569e+03    1.103146471316e+03
 1606   1.103146471316e+03    1.108592140389e+03
 1607   1.108592140389e+03    1.114064962505e+03
 1608   1.114064962505e+03    1.119565073054e+03
 1609   1.119565073054e+03    1.125092608101e+03
 1610   1.125092608101e+03    1.130647704389e+03
 1611   1.130647704389e+03    1.136230499344e+03
 1612   1.136230499344e+03    1.141841131075e+03
 1613   1.141841131075e+03    1.147479738382e+03
 1614   1.147479738382e+03    1.153146460756e+03
 1615   1.153146460756e+03    1.158841438383e+03
 1616   1.158841438383e+03    1.164564812149e+03
 1617   1.164564812149e+03    1.170316723642e+03
 1618   1.170316723642e+03    1.176097315155e+03
 1619   1.176097315155e+03    1.181906729693e+03
 1620   1.181906729693e+03    1.187745110972e+03
 1621   1.187745110972e+03    1.193612603425e+03
 1622   1.193612603425e+03    1.199509352205e+03
 1623   1.199509352205e+03    1.205435503190e+03
 1624   1.205435503190e+03    1.211391202984e+03
 1625   1.211391202984e+03    1.217376598922e+03
 1626   1.217376598922e+03    1.223391839075e+03
 1627   1.223391839075e+03    1.229437072251e+03
 1628   1.229437072251e+03    1.235512448000e+03
 1629   1.235512448000e+03    1.241618116618e+03
 1630   1.241618116618e+03    1.247754229151e+03
 1631   1.247754229151e+03    1.253920937398e+03
 1632   1.253920937398e+03    1.260118393913e+03
 1633   1.260118393913e+03    1.266346752014e+03
 1634   1.266346752014e+03    1.272606165780e+03
 1635   1.272606165780e+03    1.278896790061e+03
 1636   1.278896790061e+03    1.285218780477e+03
 1637   1.285218780477e+03    1.291572293426e+03
 1638   1.291572293426e+03    1.297957486084e+03
 1639   1.297957486084e+03    1.304374516411e+03
 1640   1.304374516411e+03    1.310823543157e+03
 1641   1.310823543157e+03    1.317304725860e+03
 1642   1.317304725860e+03    1.323818224856e+03
 1643   1.323818224856e+03    1.330364201279e+03
 1644   1.330364201279e+03    1.336942817068e+03
 1645   1.336942817068e+03    1.343554234967e+03
 1646   1.343554234967e+03    1.350198618534e+03
 1647   1.350198618534e+03    1.356876132141e+03
 1648   1.356876132141e+03    1.363586940981e+03
 1649   1.363586940981e+03    1.370331211069e+03
 1650   1.370331211069e+03    1.377109109248e+03
 1651   1.377109109248e+03    1.383920803194e+03
 1652   1.383920803194e+03    1.390766461419e+03
 1653   1.390766461419e+03    1.397646253275e+03
 1654   1.397646253275e+03    1.404560348957e+03
 1655   1.404560348957e+03    1.411508919510e+03
 1656   1.411508919510e+03    1.418492136832e+03
 1657   1.418492136832e+03    1.425510173678e+03
 1658   1.425510173678e+03    1.432563203664e+03
 1659   1.432563203664e+03    1.439651401271e+03
 1660   1.439651401271e+03    1.446774941852e+03
 1661   1.446774941852e+03    1.453934001633e+03
 1662   1.453934001633e+03    1.461128757718e+03
 1663   1.461128757718e+03    1.468359388095e+03
 1664   1.468359388095e+03    1.475626071640e+03
 1665   1.475626071640e+03    1.482928988120e+03
 1666   1.482928988120e+03    1.490268318199e+03
 1667   1.490268318199e+03    1.497644243441e+03
 1668   1.497644243441e+03    1.505056946316e+03
 1669   1.505056946316e+03    1.512506610204e+03
 1670   1.512506610204e+03    1.519993419398e+03
 1671   1.519993419398e+03    1.527517559112e+03
 1672   1.527517559112e+03    1.535079215482e+03
 1673   1.535079215482e+03    1.542678575572e+03
 1674   1.542678575572e+03    1.550315827379e+03
 1675   1.550315827379e+03    1.557991159839e+03
 1676   1.557991159839e+03    1.565704762828e+03
 1677   1.565704762828e+03    1.573456827169e+03
 1678   1.573456827169e+03    1.581247544637e+03
 1679   1.581247544637e+03    1.589077107964e+03
 1680   1.589077107964e+03    1.596945710841e+03
 1681   1.596945710841e+03    1.604853547927e+03
 1682   1.604853547927e+03    1.612800814850e+03
 1683   1.612800814850e+03    1.620787708214e+03
 1684   1.620787708214e+03    1.628814425603e+03
 1685   1.628814425603e+03    1.636881165586e+03
 1686   1.636881165586e+03    1.644988127724e+03
 1687   1.644988127724e+03    1.653135512571e+03
 1688   1.653135512571e+03    1.661323521681e+03
 1689   1.661323521681e+03    1.669552357614e+03
 1690   1.669552357614e+03    1.677822223939e+03
 1691   1.677822223939e+03    1.686133325242e+03
 1692   1.686133325242e+03    1.694485867126e+03
 1693   1.694485867126e+03    1.702880056223e+03
 1694   1.702880056223e+03    1.711316100191e+03
 1695   1.711316100191e+03    1.719794207726e+03
 1696   1.719794207726e+03    1.728314588565e+03
 1697   1.728314588565e+03    1.736877453490e+03
 1698   1.736877453490e+03    1.745483014333e+03
 1699   1.745483014333e+03    1.754131483984e+03
 1700   1.754131483984e+03    1.762823076393e+03
 1701   1.762823076393e+03    1.771558006579e+03
 1702   1.771558006579e+03    1.780336490630e+03
 1703   1.780336490630e+03    1.789158745714e+03
 1704   1.789158745714e+03    1.798024990080e+03
 1705   1.798024990080e+03    1.806935443067e+03
 1706   1.806935443067e+03    1.815890325106e+03
 1707   1.815890325106e+03    1.824889857729e+03
 1708   1.824889857729e+03    1.833934263571e+03
 1709   1.833934263571e+03    1.843023766377e+03
 1710   1.843023766377e+03    1.852158591009e+03
 1711   1.852158591009e+03    1.861338963449e+03
 1712   1.861338963449e+03    1.870565110806e+03
 1713   1.870565110806e+03    1.879837261322e+03
 1714   1.879837261322e+03    1.889155644377e+03
 1715   1.889155644377e+03    1.898520490494e+03
 1716   1.898520490494e+03    1.907932031346e+03
 1717   1.907932031346e+03    1.917390499761e+03
 1718   1.917390499761e+03    1.926896129727e+03
 1719   1.926896129727e+03    1.936449156401e+03
 1720   1.936449156401e+03    1.946049816110e+03
 1721   1.946049816110e+03    1.955698346361e+03
 1722   1.955698346361e+03    1.965394985845e+03
 1723   1.965394985845e+03    1.975139974443e+03
 1724   1.975139974443e+03    1.984933553232e+03
 1725   1.984933553232e+03    1.994775964490e+03
 1726   1.994775964490e+03    2.004667451705e+03
 1727   2.004667451705e+03    2.014608259578e+03
 1728   2.014608259578e+03    2.024598634030e+03
 1729   2.024598634030e+03    2.034638822210e+03
 1730   2.034638822210e+03    2.044729072495e+03
 1731   2.044729072495e+03    2.054869634506e+03
 1732   2.054869634506e+03    2.065060759105e+03
 1733   2.065060759105e+03    2.075302698405e+03
 1734   2.075302698405e+03    2.085595705778e+03
 1735   2.085595705778e+03    2.095940035857e+03
 1736   2.095940035857e+03    2.106335944547e+03
 1737   2.106335944547e+03    2.116783689027e+03
 1738   2.116783689027e+03    2.127283527760e+03
 1739   2.127283527760e+03    2.137835720496e+03
 1740   2.137835720496e+03    2.148440528281e+03
 1741   2.148440528281e+03    2.159098213464e+03
 1742   2.159098213464e+03    2.169809039700e+03
 1743   2.169809039700e+03    2.180573271959e+03
 1744   2.180573271959e+03    2.191391176533e+03
 1745   2.191391176533e+03    2.202263021042e+03
 1746   2.202263021042e+03    2.213189074439e+03
 1747   2.213189074439e+03    2.224169607019e+03
 1748   2.224169607019e+03    2.235204890424e+03
 1749   2.235204890424e+03    2.246295197653e+03
 1750   2.246295197653e+03    2.257440803062e+03
 1751   2.257440803062e+03    2.268641982379e+03
 1752   2.268641982379e+03    2.279899012704e+03
 1753   2.279899012704e+03    2.291212172520e+03
 1754   2.291212172520e+03    2.302581741698e+03
 1755   2.302581741698e+03    2.314008001506e+03
 1756   2.314008001506e+03    2.325491234612e+03
 1757   2.325491234612e+03    2.337031725094e+03
 1758   2.337031725094e+03    2.348629758450e+03
 1759   2.348629758450e+03    2.360285621596e+03
 1760   2.360285621596e+03    2.371999602882e+03
 1761   2.371999602882e+03    2.383771992095e+03
 1762   2.383771992095e+03    2.395603080467e+03
 1763   2.395603080467e+03    2.407493160683e+03
 1764   2.407493160683e+03    2.419442526886e+03
 1765   2.419442526886e+03    2.431451474685e+03
 1766   2.431451474685e+03    2.443520301166e+03
 1767   2.443520301166e+03    2.455649304893e+03
 1768   2.455649304893e+03    2.467838785920e+03
 1769   2.467838785920e+03    2.480089045798e+03
 1770   2.480089045798e+03    2.492400387581e+03
 1771   2.492400387581e+03    2.504773115833e+03
 1772   2.504773115833e+03    2.517207536638e+03
 1773   2.517207536638e+03    2.529703957606e+03
 1774   2.529703957606e+03    2.542262687880e+03
 1775   2.542262687880e+03    2.554884038145e+03
 1776   2.554884038145e+03    2.567568320635e+03
 1777   2.567568320635e+03    2.580315849142e+03
 1778   2.580315849142e+03    2.593126939019e+03
 1779   2.593126939019e+03    2.606001907197e+03
 1780   2.606001907197e+03    2.618941072182e+03
 1781   2.618941072182e+03    2.631944754071e+03
 1782   2.631944754071e+03    2.645013274556e+03
 1783   2.645013274556e+03    2.658146956934e+03
 1784   2.658146956934e+03    2.671346126114e+03
 1785   2.671346126114e+03    2.684611108623e+03
 1786   2.684611108623e+03    2.697942232619e+03
 1787   2.697942232619e+03    2.711339827893e+03
 1788   2.711339827893e+03    2.724804225884e+03
 1789   2.724804225884e+03    2.738335759681e+03
 1790   2.738335759681e+03    2.751934764035e+03
 1791   2.751934764035e+03    2.765601575366e+03
 1792   2.765601575366e+03    2.779336531771e+03
 1793   2.779336531771e+03    2.793139973033e+03
 1794   2.793139973033e+03    2.807012240629e+03
 1795   2.807012240629e+03    2.820953677739e+03
 1796   2.820953677739e+03    2.834964629255e+03
 1797   2.834964629255e+03    2.849045441787e+03
 1798   2.849045441787e+03    2.863196463674e+03
 1799   2.863196463674e+03    2.877418044993e+03
 1800   2.877418044993e+03    2.891710537564e+03
 1801   2.891710537564e+03    2.906074294963e+03
 1802   2.906074294963e+03    2.920509672530e+03
 1803   2.920509672530e+03    2.935017027373e+03
 1804   2.935017027373e+03    2.949596718386e+03
 1805   2.949596718386e+03    2.964249106248e+03
 1806   2.964249106248e+03    2.978974553438e+03
 1807   2.978974553438e+03    2.993773424242e+03
 1808   2.993773424242e+03    3.008646084764e+03
 1809   3.008646084764e+03    3.023592902932e+03
 1810   3.023592902932e+03    3.038614248508e+03
 1811   3.038614248508e+03    3.053710493099e+03
 1812   3.053710493099e+03    3.068882010164e+03
 1813   3.068882010164e+03    3.084129175025e+03
 1814   3.084129175025e+03    3.099452364874e+03
 1815   3.099452364874e+03    3.114851958786e+03
 1816   3.114851958786e+03    3.130328337725e+03
 1817   3.130328337725e+03    3.145881884553e+03
 1818   3.145881884553e+03    3.161512984042e+03
 1819   3.161512984042e+03    3.177222022885e+03
 1820   3.177222022885e+03    3.193009389700e+03
 1821   3.193009389700e+03    3.208875475043e+03
 1822   3.208875475043e+03    3.224820671419e+03
 1823   3.224820671419e+03    3.240845373289e+03
 1824   3.240845373289e+03    3.256949977081e+03
 1825   3.256949977081e+03    3.273134881200e+03
 1826   3.273134881200e+03    3.289400486037e+03
 1827   3.289400486037e+03    3.305747193980e+03
 1828   3.305747193980e+03    3.322175409423e+03
 1829   3.322175409423e+03    3.338685538775e+03
 1830   3.338685538775e+03    3.355277990475e+03
 1831   3.355277990475e+03    3.371953174996e+03
 1832   3.371953174996e+03    3.388711504857e+03
 1833   3.388711504857e+03    3.405553394635e+03
 1834   3.405553394635e+03    3.422479260976e+03
 1835   3.422479260976e+03    3.439489522599e+03
 1836   3.439489522599e+03    3.456584600315e+03
 1837   3.456584600315e+03    3.473764917032e+03
 1838   3.473764917032e+03    3.491030897765e+03
 1839   3.491030897765e+03    3.508382969651e+03
 1840   3.508382969651e+03    3.525821561953e+03
 1841   3.525821561953e+03    3.543347106080e+03
 1842   3.543347106080e+03    3.560960035586e+03
 1843   3.560960035586e+03    3.578660786190e+03
 1844   3.578660786190e+03    3.596449795784e+03
 1845   3.596449795784e+03    3.614327504443e+03
 1846   3.614327504443e+03    3.632294354434e+03
 1847   3.632294354434e+03    3.650350790232e+03
 1848   3.650350790232e+03    3.668497258527e+03
 1849   3.668497258527e+03    3.686734208237e+03
 1850   3.686734208237e+03    3.705062090518e+03
 1851   3.705062090518e+03    3.723481358775e+03
 1852   3.723481358775e+03    3.741992468674e+03
 1853   3.741992468674e+03    3.760595878154e+03
 1854   3.760595878154e+03    3.779292047436e+03
 1855   3.779292047436e+03    3.798081439036e+03
 1856   3.798081439036e+03    3.816964517778e+03
 1857   3.816964517778e+03    3.835941750800e+03
 1858   3.835941750800e+03    3.855013607574e+03
 1859   3.855013607574e+03    3.874180559908e+03
 1860   3.874180559908e+03    3.893443081966e+03
 1861   3.893443081966e+03    3.912801650276e+03
 1862   3.912801650276e+03    3.932256743739e+03
 1863   3.932256743739e+03    3.951808843647e+03
 1864   3.951808843647e+03    3.971458433691e+03
 1865   3.971458433691e+03    3.991205999974e+03
 1866   3.991205999974e+03    4.011052031022e+03
 1867   4.011052031022e+03    4.030997017797e+03
 1868   4.030997017797e+03    4.051041453709e+03
 1869   4.051041453709e+03    4.071185834630e+03
 1870   4.071185834630e+03    4.091430658901e+03
 1871   4.091430658901e+03    4.111776427351e+03
 1872   4.111776427351e+03    4.132223643306e+03
 1873   4.132223643306e+03    4.152772812599e+03
 1874   4.152772812599e+03    4.173424443587e+03
 1875   4.173424443587e+03    4.194179047163e+03
 1876   4.194179047163e+03    4.215037136764e+03
 1877   4.215037136764e+03    4.235999228392e+03
 1878   4.235999228392e+03    4.257065840616e+03
 1879   4.257065840616e+03    4.278237494596e+03
 1880   4.278237494596e+03    4.299514714087e+03
 1881   4.299514714087e+03    4.320898025457e+03
 1882   4.320898025457e+03    4.342387957699e+03
 1883   4.342387957699e+03    4.363985042442e+03
 1884   4.363985042442e+03    4.385689813967e+03
 1885   4.385689813967e+03    4.407502809220e+03
 1886   4.407502809220e+03    4.429424567822e+03
 1887   4.429424567822e+03    4.451455632086e+03
 1888   4.451455632086e+03    4.473596547030e+03
 1889   4.473596547030e+03    4.495847860386e+03
 1890   4.495847860386e+03    4.518210122622e+03
 1891   4.518210122622e+03    4.540683886946e+03
 1892   4.540683886946e+03    4.563269709328e+03
 1893   4.563269709328e+03    4.585968148509e+03
 1894   4.585968148509e+03    4.608779766014e+03
 1895   4.608779766014e+03    4.631705126172e+03
 1896   4.631705126172e+03    4.654744796122e+03
 1897   4.654744796122e+03    4.677899345832e+03
 1898   4.677899345832e+03    4.701169348113e+03
 1899   4.701169348113e+03    4.724555378631e+03
 1900   4.724555378631e+03    4.748058015924e+03
 1901   4.748058015924e+03    4.771677841411e+03
 1902   4.771677841411e+03    4.795415439415e+03
 1903   4.795415439415e+03    4.819271397168e+03
 1904   4.819271397168e+03    4.843246304834e+03
 1905   4.843246304834e+03    4.867340755516e+03
 1906   4.867340755516e+03    4.891555345278e+03
 1907   4.891555345278e+03    4.915890673152e+03
 1908   4.915890673152e+03    4.940347341160e+03
 1909   4.940347341160e+03    4.964925954325e+03
 1910   4.964925954325e+03    4.989627120686e+03
 1911   4.989627120686e+03    5.014451451315e+03
 1912   5.014451451315e+03    5.039399560330e+03
 1913   5.039399560330e+03    5.064472064911e+03
 1914   5.064472064911e+03    5.089669585316e+03
 1915   5.089669585316e+03    5.114992744896e+03
 1916   5.114992744896e+03    5.140442170108e+03
 1917   5.140442170108e+03    5.166018490535e+03
 1918   5.166018490535e+03    5.191722338899e+03
 1919   5.191722338899e+03    5.217554351076e+03
 1920   5.217554351076e+03    5.243515166112e+03
 1921   5.243515166112e+03    5.269605426241e+03
 1922   5.269605426241e+03    5.295825776899e+03
 1923   5.295825776899e+03    5.322176866738e+03
 1924   5.322176866738e+03    5.348659347648e+03
 1925   5.348659347648e+03    5.375273874766e+03
 1926   5.375273874766e+03    5.402021106498e+03
 1927   5.402021106498e+03    5.428901704532e+03
 1928   5.428901704532e+03    5.455916333855e+03
 1929   5.455916333855e+03    5.483065662770e+03
 1930   5.483065662770e+03    5.510350362913e+03
 1931   5.510350362913e+03    5.537771109267e+03
 1932   5.537771109267e+03    5.565328580184e+03
 1933   5.565328580184e+03    5.593023457394e+03
 1934   5.593023457394e+03    5.620856426029e+03
 1935   5.620856426029e+03    5.648828174638e+03
 1936   5.648828174638e+03    5.676939395200e+03
 1937   5.676939395200e+03    5.705190783147e+03
 1938   5.705190783147e+03    5.733583037378e+03
 1939   5.733583037378e+03    5.762116860276e+03
 1940   5.762116860276e+03    5.790792957727e+03
 1941   5.790792957727e+03    5.819612039136e+03
 1942   5.819612039136e+03    5.848574817446e+03
 1943   5.848574817446e+03    5.877682009155e+03
 1944   5.877682009155e+03    5.906934334332e+03
 1945   5.906934334332e+03    5.936332516638e+03
 1946   5.936332516638e+03    5.965877283342e+03
 1947   5.965877283342e+03    5.995569365339e+03
 1948   5.995569365339e+03    6.025409497168e+03
 1949   6.025409497168e+03    6.055398417031e+03
 1950   6.055398417031e+03    6.085536866811e+03
 1951   6.085536866811e+03    6.115825592089e+03
 1952   6.115825592089e+03    6.146265342166e+03
 1953   6.146265342166e+03    6.176856870077e+03
 1954   6.176856870077e+03    6.207600932612e+03
 1955   6.207600932612e+03    6.238498290336e+03
 1956   6.238498290336e+03    6.269549707604e+03
 1957   6.269549707604e+03    6.300755952584e+03
 1958   6.300755952584e+03    6.332117797273e+03
 1959   6.332117797273e+03    6.363636017518e+03
 1960   6.363636017518e+03    6.395311393036e+03
 1961   6.395311393036e+03    6.427144707429e+03
 1962   6.427144707429e+03    6.459136748207e+03
 1963   6.459136748207e+03    6.491288306807e+03
 1964   6.491288306807e+03    6.523600178614e+03
 1965   6.523600178614e+03    6.556073162976e+03
 1966   6.556073162976e+03    6.588708063228e+03
 1967   6.588708063228e+03    6.621505686710e+03
 1968   6.621505686710e+03    6.654466844789e+03
 1969   6.654466844789e+03    6.687592352877e+03
 1970   6.687592352877e+03    6.720883030450e+03
 1971   6.720883030450e+03    6.754339701072e+03
 1972   6.754339701072e+03    6.787963192414e+03
 1973   6.787963192414e+03    6.821754336271e+03
 1974   6.821754336271e+03    6.855713968589e+03
 1975   6.855713968589e+03    6.889842929479e+03
 1976   6.889842929479e+03    6.924142063244e+03
 1977   6.924142063244e+03    6.958612218393e+03
 1978   6.958612218393e+03    6.993254247671e+03
 1979   6.993254247671e+03    7.028069008070e+03
 1980   7.028069008070e+03    7.063057360857e+03
 1981   7.063057360857e+03    7.098220171594e+03
 1982   7.098220171594e+03    7.133558310159e+03
 1983   7.133558310159e+03    7.169072650766e+03
 1984   7.169072650766e+03    7.204764071989e+03
 1985   7.204764071989e+03    7.240633456782e+03
 1986   7.240633456782e+03    7.276681692503e+03
 1987   7.276681692503e+03    7.312909670932e+03
 1988   7.312909670932e+03    7.349318288298e+03
 1989   7.349318288298e+03    7.385908445298e+03
 1990   7.385908445298e+03    7.422681047120e+03
 1991   7.422681047120e+03    7.459637003465e+03
 1992   7.459637003465e+03    7.496777228569e+03
 1993   7.496777228569e+03    7.534102641230e+03
 1994   7.534102641230e+03    7.571614164823e+03
 1995   7.571614164823e+03    7.609312727331e+03
 1996   7.609312727331e+03    7.647199261361e+03
 1997   7.647199261361e+03    7.685274704171e+03
 1998   7.685274704171e+03    7.723539997694e+03
 1999   7.723539997694e+03    7.761996088558e+03
 2000   7.761996088558e+03    7.800643928110e+03
 2001   7.800643928110e+03    7.839484472444e+03
 2002   7.839484472444e+03    7.878518682418e+03
 2003   7.878518682418e+03    7.917747523682e+03
 2004   7.917747523682e+03    7.957171966702e+03
 2005   7.957171966702e+03    7.996792986782e+03
 2006   7.996792986782e+03    8.036611564088e+03
 2007   8.036611564088e+03    8.076628683676e+03
 2008   8.076628683676e+03    8.116845335510e+03
 2009   8.116845335510e+03    8.157262514493e+03
 2010   8.157262514493e+03    8.197881220489e+03
 2011   8.197881220489e+03    8.238702458345e+03
 2012   8.238702458345e+03    8.279727237920e+03
 2013   8.279727237920e+03    8.320956574108e+03
 2014   8.320956574108e+03    8.362391486864e+03
 2015   8.362391486864e+03    8.404033001228e+03
 2016   8.404033001228e+03    8.445882147351e+03
 2017   8.445882147351e+03    8.487939960520e+03
 2018   8.487939960520e+03    8.530207481186e+03
 2019   8.530207481186e+03    8.572685754986e+03
 2020   8.572685754986e+03    8.615375832772e+03
 2021   8.615375832772e+03    8.658278770634e+03
 2022   8.658278770634e+03    8.701395629930e+03
 2023   8.701395629930e+03    8.744727477309e+03
 2024   8.744727477309e+03    8.788275384739e+03
 2025   8.788275384739e+03    8.832040429531e+03
 2026   8.832040429531e+03    8.876023694371e+03
 2027   8.876023694371e+03    8.920226267340e+03
 2028   8.920226267340e+03    8.964649241948e+03
 2029   8.964649241948e+03    9.009293717154e+03
 2030   9.009293717154e+03    9.054160797399e+03
 2031   9.054160797399e+03    9.099251592630e+03
 2032   9.099251592630e+03    9.144567218328e+03
 2033   9.144567218328e+03    9.190108795537e+03
 2034   9.190108795537e+03    9.235877450889e+03
 2035   9.235877450889e+03    9.281874316636e+03
 2036   9.281874316636e+03    9.328100530673e+03
 2037   9.328100530673e+03    9.374557236571e+03
 2038   9.374557236571e+03    9.421245583603e+03
 2039   9.421245583603e+03    9.468166726769e+03
 2040   9.468166726769e+03    9.515321826833e+03
 2041   9.515321826833e+03    9.562712050343e+03
 2042   9.562712050343e+03    9.610338569666e+03
 2043   9.610338569666e+03    9.658202563012e+03
 2044   9.658202563012e+03    9.706305214469e+03
 2045   9.706305214469e+03    9.754647714027e+03
 2046   9.754647714027e+03    9.803231257610e+03
 2047   9.803231257610e+03    9.852057047104e+03
 2048   9.852057047104e+03    9.901126290390e+03
 2049   9.901126290390e+03    9.950440201369e+03
 2050   9.950440201369e+03    9.999999999999e+03
1 
 1   0.000000000000e+00    1.000000000000e+00
1 
 1   0.000000000000e+00    1.000000000000e+00
